Component: ARM Compiler 5.06 update 6 (build 750) Tool: armlink [4d35ed]

==============================================================================

Section Cross References

    main.o(i.main) refers to misc.o(i.NVIC_PriorityGroupConfig) for NVIC_PriorityGroupConfig
    main.o(i.main) refers to app_timer3.o(i.TIMER3_Init) for TIMER3_Init
    main.o(i.main) refers to app_uart1.o(i.UART1_Init) for UART1_Init
    main.o(i.main) refers to app_led.o(i.LED_Init) for LED_Init
    main.o(i.main) refers to app_key.o(i.Key_Init) for Key_Init
    main.o(i.main) refers to gm_cli.o(i.GM_CLI_Init) for GM_CLI_Init
    main.o(i.main) refers to gm_cli.o(i.GM_CLI_RegOutCharCallBack) for GM_CLI_RegOutCharCallBack
    main.o(i.main) refers to gm_cli.o(i.GM_CLI_SetCommandPrompt) for GM_CLI_SetCommandPrompt
    main.o(i.main) refers to gm_cli.o(i.GM_CLI_Start) for GM_CLI_Start
    main.o(i.main) refers to app_uart1.o(i.UART1_HasData) for UART1_HasData
    main.o(i.main) refers to app_uart1.o(i.UART1_GetChar) for UART1_GetChar
    main.o(i.main) refers to gm_cli.o(i.GM_CLI_ParseOneChar) for GM_CLI_ParseOneChar
    main.o(i.main) refers to gm_timer.o(i.GM_Timer_PollEvent) for GM_Timer_PollEvent
    main.o(i.main) refers to app_uart1.o(i.UART1_PutChar) for UART1_PutChar
    app_led.o(i.LED_Control) refers to stm32f10x_gpio.o(i.GPIO_ResetBits) for GPIO_ResetBits
    app_led.o(i.LED_Control) refers to stm32f10x_gpio.o(i.GPIO_SetBits) for GPIO_SetBits
    app_led.o(i.LED_Init) refers to stm32f10x_rcc.o(i.RCC_APB2PeriphClockCmd) for RCC_APB2PeriphClockCmd
    app_led.o(i.LED_Init) refers to stm32f10x_gpio.o(i.GPIO_Init) for GPIO_Init
    app_led.o(i.LED_Init) refers to stm32f10x_gpio.o(i.GPIO_SetBits) for GPIO_SetBits
    app_led.o(i.LED_Init) refers to gm_timer.o(i.GM_Timer_Init) for GM_Timer_Init
    app_led.o(i.LED_Init) refers to gm_timer.o(i.GM_Timer_Start) for GM_Timer_Start
    app_led.o(i.LED_Init) refers to app_led.o(i.LED_Timer_CallBack) for LED_Timer_CallBack
    app_led.o(i.LED_Init) refers to app_led.o(.bss) for timer_led
    app_led.o(i.LED_Timer_CallBack) refers to app_led.o(i.LED_Blink) for LED_Blink
    app_uart1.o(i.UART1_GetChar) refers to gm_queue.o(i.GM_Queue_Read) for GM_Queue_Read
    app_uart1.o(i.UART1_GetChar) refers to app_uart1.o(.data) for uart1_rx_queue
    app_uart1.o(i.UART1_HasData) refers to gm_queue.o(i.GM_Queue_Length) for GM_Queue_Length
    app_uart1.o(i.UART1_HasData) refers to app_uart1.o(.data) for uart1_rx_queue
    app_uart1.o(i.UART1_Init) refers to gm_queue.o(i.GM_Queue_Create) for GM_Queue_Create
    app_uart1.o(i.UART1_Init) refers to hal_uart1.o(i.HAL_UART1_Init) for HAL_UART1_Init
    app_uart1.o(i.UART1_Init) refers to app_uart1.o(i.UART1_Printf) for UART1_Printf
    app_uart1.o(i.UART1_Init) refers to app_uart1.o(.data) for uart1_rx_queue
    app_uart1.o(i.UART1_Init) refers to app_uart1.o(i.UART1_RxHookHandler) for UART1_RxHookHandler
    app_uart1.o(i.UART1_Printf) refers to printfa.o(i.__0vsprintf) for vsprintf
    app_uart1.o(i.UART1_Printf) refers to app_uart1.o(i.UART1_PutString) for UART1_PutString
    app_uart1.o(i.UART1_Printf) refers to app_uart1.o(.bss) for str
    app_uart1.o(i.UART1_PutChar) refers to hal_uart1.o(i.HAL_UART1_PutChar) for HAL_UART1_PutChar
    app_uart1.o(i.UART1_PutString) refers to hal_uart1.o(i.HAL_UART1_PutChar) for HAL_UART1_PutChar
    app_uart1.o(i.UART1_RxHookHandler) refers to gm_queue.o(i.GM_Queue_Write) for GM_Queue_Write
    app_uart1.o(i.UART1_RxHookHandler) refers to app_uart1.o(.data) for uart1_rx_queue
    app_uart1.o(i.UART1_Scanf) refers to app_uart1.o(i.UART1_HasData) for UART1_HasData
    app_uart1.o(i.UART1_Scanf) refers to app_uart1.o(i.UART1_GetChar) for UART1_GetChar
    app_uart1.o(i.UART1_Scanf) refers to hal_uart1.o(i.HAL_UART1_PutChar) for HAL_UART1_PutChar
    app_uart1.o(i.UART1_Scanf) refers to vsscanf.o(.text) for vsscanf
    app_uart1.o(i.UART1_Scanf) refers to app_uart1.o(i.UART1_PutString) for UART1_PutString
    app_uart1.o(i.UART1_Scanf) refers to app_uart1.o(.bss) for str
    app_timer3.o(i.TIMER3_Init) refers to hal_timer3.o(i.HAL_TIM3_Init) for HAL_TIM3_Init
    app_timer3.o(i.TIMER3_Init) refers to gm_timer.o(i.GM_Timer_IncTicks) for GM_Timer_IncTicks
    app_key.o(i.Key_CallBack) refers to app_uart1.o(i.UART1_Printf) for UART1_Printf
    app_key.o(i.Key_Init) refers to stm32f10x_rcc.o(i.RCC_APB2PeriphClockCmd) for RCC_APB2PeriphClockCmd
    app_key.o(i.Key_Init) refers to stm32f10x_gpio.o(i.GPIO_Init) for GPIO_Init
    app_key.o(i.Key_Init) refers to gm_multi_key.o(i.GM_MultiKey_Init) for GM_MultiKey_Init
    app_key.o(i.Key_Init) refers to gm_multi_key.o(i.GM_MultiKey_Add) for GM_MultiKey_Add
    app_key.o(i.Key_Init) refers to gm_timer.o(i.GM_Timer_Init) for GM_Timer_Init
    app_key.o(i.Key_Init) refers to gm_timer.o(i.GM_Timer_Start) for GM_Timer_Start
    app_key.o(i.Key_Init) refers to app_key.o(i.Key_CallBack) for Key_CallBack
    app_key.o(i.Key_Init) refers to app_key.o(i.Key_Read) for Key_Read
[...]
    Removing stm32f10x_fsmc.o(i.FSMC_NORSRAMStructInit), (114 bytes).
    Removing stm32f10x_fsmc.o(i.FSMC_PCCARDCmd), (48 bytes).
    Removing stm32f10x_fsmc.o(i.FSMC_PCCARDDeInit), (40 bytes).
    Removing stm32f10x_fsmc.o(i.FSMC_PCCARDInit), (132 bytes).
    Removing stm32f10x_fsmc.o(i.FSMC_PCCARDStructInit), (60 bytes).
    Removing stm32f10x_gpio.o(.rev16_text), (4 bytes).
    Removing stm32f10x_gpio.o(.revsh_text), (4 bytes).
    Removing stm32f10x_gpio.o(.rrx_text), (6 bytes).
    Removing stm32f10x_gpio.o(i.GPIO_AFIODeInit), (20 bytes).
    Removing stm32f10x_gpio.o(i.GPIO_DeInit), (200 bytes).
    Removing stm32f10x_gpio.o(i.GPIO_ETH_MediaInterfaceConfig), (12 bytes).
    Removing stm32f10x_gpio.o(i.GPIO_EXTILineConfig), (64 bytes).
    Removing stm32f10x_gpio.o(i.GPIO_EventOutputCmd), (12 bytes).
    Removing stm32f10x_gpio.o(i.GPIO_EventOutputConfig), (32 bytes).
    Removing stm32f10x_gpio.o(i.GPIO_PinLockConfig), (18 bytes).
    Removing stm32f10x_gpio.o(i.GPIO_PinRemapConfig), (144 bytes).
    Removing stm32f10x_gpio.o(i.GPIO_ReadInputData), (8 bytes).
    Removing stm32f10x_gpio.o(i.GPIO_ReadInputDataBit), (18 bytes).
    Removing stm32f10x_gpio.o(i.GPIO_ReadOutputData), (8 bytes).
    Removing stm32f10x_gpio.o(i.GPIO_ReadOutputDataBit), (18 bytes).
    Removing stm32f10x_gpio.o(i.GPIO_ResetBits), (4 bytes).
    Removing stm32f10x_gpio.o(i.GPIO_StructInit), (16 bytes).
    Removing stm32f10x_gpio.o(i.GPIO_Write), (4 bytes).
    Removing stm32f10x_gpio.o(i.GPIO_WriteBit), (10 bytes).
    Removing stm32f10x_i2c.o(.rev16_text), (4 bytes).
    Removing stm32f10x_i2c.o(.revsh_text), (4 bytes).
    Removing stm32f10x_i2c.o(.rrx_text), (6 bytes).
    Removing stm32f10x_i2c.o(i.I2C_ARPCmd), (24 bytes).
    Removing stm32f10x_i2c.o(i.I2C_AcknowledgeConfig), (24 bytes).
    Removing stm32f10x_i2c.o(i.I2C_CalculatePEC), (24 bytes).
    Removing stm32f10x_i2c.o(i.I2C_CheckEvent), (42 bytes).
    Removing stm32f10x_i2c.o(i.I2C_ClearFlag), (12 bytes).
    Removing stm32f10x_i2c.o(i.I2C_ClearITPendingBit), (12 bytes).
    Removing stm32f10x_i2c.o(i.I2C_Cmd), (24 bytes).
    Removing stm32f10x_i2c.o(i.I2C_DMACmd), (24 bytes).
    Removing stm32f10x_i2c.o(i.I2C_DMALastTransferCmd), (24 bytes).
    Removing stm32f10x_i2c.o(i.I2C_DeInit), (56 bytes).
    Removing stm32f10x_i2c.o(i.I2C_DualAddressCmd), (24 bytes).
    Removing stm32f10x_i2c.o(i.I2C_FastModeDutyCycleConfig), (28 bytes).
    Removing stm32f10x_i2c.o(i.I2C_GeneralCallCmd), (24 bytes).
    Removing stm32f10x_i2c.o(i.I2C_GenerateSTART), (24 bytes).
    Removing stm32f10x_i2c.o(i.I2C_GenerateSTOP), (24 bytes).
    Removing stm32f10x_i2c.o(i.I2C_GetFlagStatus), (58 bytes).
    Removing stm32f10x_i2c.o(i.I2C_GetITStatus), (38 bytes).
    Removing stm32f10x_i2c.o(i.I2C_GetLastEvent), (26 bytes).
    Removing stm32f10x_i2c.o(i.I2C_GetPEC), (8 bytes).
    Removing stm32f10x_i2c.o(i.I2C_ITConfig), (18 bytes).
    Removing stm32f10x_i2c.o(i.I2C_Init), (236 bytes).
    Removing stm32f10x_i2c.o(i.I2C_NACKPositionConfig), (28 bytes).
    Removing stm32f10x_i2c.o(i.I2C_OwnAddress2Config), (22 bytes).
    Removing stm32f10x_i2c.o(i.I2C_PECPositionConfig), (28 bytes).
    Removing stm32f10x_i2c.o(i.I2C_ReadRegister), (22 bytes).
    Removing stm32f10x_i2c.o(i.I2C_ReceiveData), (8 bytes).
    Removing stm32f10x_i2c.o(i.I2C_SMBusAlertConfig), (28 bytes).
    Removing stm32f10x_i2c.o(i.I2C_Send7bitAddress), (18 bytes).
    Removing stm32f10x_i2c.o(i.I2C_SendData), (4 bytes).
    Removing stm32f10x_i2c.o(i.I2C_SoftwareResetCmd), (22 bytes).
    Removing stm32f10x_i2c.o(i.I2C_StretchClockCmd), (24 bytes).
    Removing stm32f10x_i2c.o(i.I2C_StructInit), (30 bytes).
    Removing stm32f10x_i2c.o(i.I2C_TransmitPEC), (24 bytes).
    Removing stm32f10x_iwdg.o(.rev16_text), (4 bytes).
    Removing stm32f10x_iwdg.o(.revsh_text), (4 bytes).
    Removing stm32f10x_iwdg.o(.rrx_text), (6 bytes).
    Removing stm32f10x_iwdg.o(i.IWDG_Enable), (16 bytes).
    Removing stm32f10x_iwdg.o(i.IWDG_GetFlagStatus), (24 bytes).
    Removing stm32f10x_iwdg.o(i.IWDG_ReloadCounter), (16 bytes).
    Removing stm32f10x_iwdg.o(i.IWDG_SetPrescaler), (12 bytes).
    Removing stm32f10x_iwdg.o(i.IWDG_SetReload), (12 bytes).
    Removing stm32f10x_iwdg.o(i.IWDG_WriteAccessCmd), (12 bytes).
    Removing stm32f10x_pwr.o(.rev16_text), (4 bytes).
    Removing stm32f10x_pwr.o(.revsh_text), (4 bytes).
    Removing stm32f10x_pwr.o(.rrx_text), (6 bytes).
    Removing stm32f10x_pwr.o(i.PWR_BackupAccessCmd), (12 bytes).
    Removing stm32f10x_pwr.o(i.PWR_ClearFlag), (20 bytes).
    Removing stm32f10x_pwr.o(i.PWR_DeInit), (22 bytes).
    Removing stm32f10x_pwr.o(i.PWR_EnterSTANDBYMode), (52 bytes).
    Removing stm32f10x_pwr.o(i.PWR_EnterSTOPMode), (64 bytes).
    Removing stm32f10x_pwr.o(i.PWR_GetFlagStatus), (24 bytes).
    Removing stm32f10x_pwr.o(i.PWR_PVDCmd), (12 bytes).
    Removing stm32f10x_pwr.o(i.PWR_PVDLevelConfig), (24 bytes).
    Removing stm32f10x_pwr.o(i.PWR_WakeUpPinCmd), (12 bytes).
    Removing stm32f10x_rcc.o(.rev16_text), (4 bytes).
    Removing stm32f10x_rcc.o(.revsh_text), (4 bytes).
    Removing stm32f10x_rcc.o(.rrx_text), (6 bytes).
    Removing stm32f10x_rcc.o(i.RCC_ADCCLKConfig), (24 bytes).
    Removing stm32f10x_rcc.o(i.RCC_AHBPeriphClockCmd), (32 bytes).
    Removing stm32f10x_rcc.o(i.RCC_APB1PeriphResetCmd), (32 bytes).
    Removing stm32f10x_rcc.o(i.RCC_APB2PeriphResetCmd), (32 bytes).
    Removing stm32f10x_rcc.o(i.RCC_AdjustHSICalibrationValue), (24 bytes).
    Removing stm32f10x_rcc.o(i.RCC_BackupResetCmd), (12 bytes).
    Removing stm32f10x_rcc.o(i.RCC_ClearFlag), (20 bytes).
    Removing stm32f10x_rcc.o(i.RCC_ClearITPendingBit), (12 bytes).
    Removing stm32f10x_rcc.o(i.RCC_ClockSecuritySystemCmd), (12 bytes).
    Removing stm32f10x_rcc.o(i.RCC_DeInit), (76 bytes).
    Removing stm32f10x_rcc.o(i.RCC_GetFlagStatus), (60 bytes).
    Removing stm32f10x_rcc.o(i.RCC_GetITStatus), (24 bytes).
    Removing stm32f10x_rcc.o(i.RCC_GetSYSCLKSource), (16 bytes).
    Removing stm32f10x_rcc.o(i.RCC_HCLKConfig), (24 bytes).
    Removing stm32f10x_rcc.o(i.RCC_HSEConfig), (76 bytes).
    Removing stm32f10x_rcc.o(i.RCC_HSICmd), (12 bytes).
    Removing stm32f10x_rcc.o(i.RCC_ITConfig), (32 bytes).
    Removing stm32f10x_rcc.o(i.RCC_LSEConfig), (52 bytes).
    Removing stm32f10x_rcc.o(i.RCC_LSICmd), (12 bytes).
    Removing stm32f10x_rcc.o(i.RCC_MCOConfig), (12 bytes).
    Removing stm32f10x_rcc.o(i.RCC_PCLK1Config), (24 bytes).
    Removing stm32f10x_rcc.o(i.RCC_PCLK2Config), (24 bytes).
    Removing stm32f10x_rcc.o(i.RCC_PLLCmd), (12 bytes).
    Removing stm32f10x_rcc.o(i.RCC_PLLConfig), (28 bytes).
    Removing stm32f10x_rcc.o(i.RCC_RTCCLKCmd), (12 bytes).
    Removing stm32f10x_rcc.o(i.RCC_RTCCLKConfig), (16 bytes).
    Removing stm32f10x_rcc.o(i.RCC_SYSCLKConfig), (24 bytes).
    Removing stm32f10x_rcc.o(i.RCC_USBCLKConfig), (12 bytes).
    Removing stm32f10x_rcc.o(i.RCC_WaitForHSEStartUp), (56 bytes).
    Removing stm32f10x_rtc.o(.rev16_text), (4 bytes).
    Removing stm32f10x_rtc.o(.revsh_text), (4 bytes).
    Removing stm32f10x_rtc.o(.rrx_text), (6 bytes).
    Removing stm32f10x_rtc.o(i.RTC_ClearFlag), (16 bytes).
    Removing stm32f10x_rtc.o(i.RTC_ClearITPendingBit), (16 bytes).
    Removing stm32f10x_rtc.o(i.RTC_EnterConfigMode), (20 bytes).
    Removing stm32f10x_rtc.o(i.RTC_ExitConfigMode), (20 bytes).
    Removing stm32f10x_rtc.o(i.RTC_GetCounter), (20 bytes).
    Removing stm32f10x_rtc.o(i.RTC_GetDivider), (24 bytes).
    Removing stm32f10x_rtc.o(i.RTC_GetFlagStatus), (24 bytes).
    Removing stm32f10x_rtc.o(i.RTC_GetITStatus), (36 bytes).
    Removing stm32f10x_rtc.o(i.RTC_ITConfig), (32 bytes).
    Removing stm32f10x_rtc.o(i.RTC_SetAlarm), (28 bytes).
    Removing stm32f10x_rtc.o(i.RTC_SetCounter), (28 bytes).
    Removing stm32f10x_rtc.o(i.RTC_SetPrescaler), (32 bytes).
    Removing stm32f10x_rtc.o(i.RTC_WaitForLastTask), (20 bytes).
    Removing stm32f10x_rtc.o(i.RTC_WaitForSynchro), (36 bytes).
    Removing stm32f10x_sdio.o(.rev16_text), (4 bytes).
    Removing stm32f10x_sdio.o(.revsh_text), (4 bytes).
    Removing stm32f10x_sdio.o(.rrx_text), (6 bytes).
    Removing stm32f10x_sdio.o(i.SDIO_CEATAITCmd), (16 bytes).
    Removing stm32f10x_sdio.o(i.SDIO_ClearFlag), (12 bytes).
    Removing stm32f10x_sdio.o(i.SDIO_ClearITPendingBit), (12 bytes).
    Removing stm32f10x_sdio.o(i.SDIO_ClockCmd), (12 bytes).
    Removing stm32f10x_sdio.o(i.SDIO_CmdStructInit), (14 bytes).
    Removing stm32f10x_sdio.o(i.SDIO_CommandCompletionCmd), (12 bytes).
    Removing stm32f10x_sdio.o(i.SDIO_DMACmd), (12 bytes).
    Removing stm32f10x_sdio.o(i.SDIO_DataConfig), (48 bytes).
    Removing stm32f10x_sdio.o(i.SDIO_DataStructInit), (20 bytes).
    Removing stm32f10x_sdio.o(i.SDIO_DeInit), (36 bytes).
    Removing stm32f10x_sdio.o(i.SDIO_GetCommandResponse), (12 bytes).
    Removing stm32f10x_sdio.o(i.SDIO_GetDataCounter), (12 bytes).
    Removing stm32f10x_sdio.o(i.SDIO_GetFIFOCount), (12 bytes).
    Removing stm32f10x_sdio.o(i.SDIO_GetFlagStatus), (24 bytes).
    Removing stm32f10x_sdio.o(i.SDIO_GetITStatus), (24 bytes).
    Removing stm32f10x_sdio.o(i.SDIO_GetPowerState), (16 bytes).
    Removing stm32f10x_sdio.o(i.SDIO_GetResponse), (24 bytes).
    Removing stm32f10x_sdio.o(i.SDIO_ITConfig), (32 bytes).
    Removing stm32f10x_sdio.o(i.SDIO_Init), (48 bytes).
    Removing stm32f10x_sdio.o(i.SDIO_ReadData), (12 bytes).
    Removing stm32f10x_sdio.o(i.SDIO_SendCEATACmd), (12 bytes).
    Removing stm32f10x_sdio.o(i.SDIO_SendCommand), (44 bytes).
    Removing stm32f10x_sdio.o(i.SDIO_SendSDIOSuspendCmd), (12 bytes).
    Removing stm32f10x_sdio.o(i.SDIO_SetPowerState), (28 bytes).
    Removing stm32f10x_sdio.o(i.SDIO_SetSDIOOperation), (12 bytes).
    Removing stm32f10x_sdio.o(i.SDIO_SetSDIOReadWaitMode), (12 bytes).
    Removing stm32f10x_sdio.o(i.SDIO_StartSDIOReadWait), (12 bytes).
    Removing stm32f10x_sdio.o(i.SDIO_StopSDIOReadWait), (12 bytes).
    Removing stm32f10x_sdio.o(i.SDIO_StructInit), (16 bytes).
    Removing stm32f10x_sdio.o(i.SDIO_WriteData), (12 bytes).
    Removing stm32f10x_spi.o(.rev16_text), (4 bytes).
    Removing stm32f10x_spi.o(.revsh_text), (4 bytes).
    Removing stm32f10x_spi.o(.rrx_text), (6 bytes).
    Removing stm32f10x_spi.o(i.I2S_Cmd), (24 bytes).
    Removing stm32f10x_spi.o(i.I2S_Init), (232 bytes).
    Removing stm32f10x_spi.o(i.I2S_StructInit), (20 bytes).
    Removing stm32f10x_spi.o(i.SPI_BiDirectionalLineConfig), (28 bytes).
    Removing stm32f10x_spi.o(i.SPI_CalculateCRC), (24 bytes).
    Removing stm32f10x_spi.o(i.SPI_Cmd), (24 bytes).
    Removing stm32f10x_spi.o(i.SPI_DataSizeConfig), (18 bytes).
    Removing stm32f10x_spi.o(i.SPI_GetCRC), (16 bytes).
    Removing stm32f10x_spi.o(i.SPI_GetCRCPolynomial), (6 bytes).
    Removing stm32f10x_spi.o(i.SPI_I2S_ClearFlag), (6 bytes).
    Removing stm32f10x_spi.o(i.SPI_I2S_ClearITPendingBit), (20 bytes).
    Removing stm32f10x_spi.o(i.SPI_I2S_DMACmd), (18 bytes).
    Removing stm32f10x_spi.o(i.SPI_I2S_DeInit), (88 bytes).
    Removing stm32f10x_spi.o(i.SPI_I2S_GetFlagStatus), (18 bytes).
    Removing stm32f10x_spi.o(i.SPI_I2S_GetITStatus), (52 bytes).
    Removing stm32f10x_spi.o(i.SPI_I2S_ITConfig), (32 bytes).
    Removing stm32f10x_spi.o(i.SPI_I2S_ReceiveData), (6 bytes).
    Removing stm32f10x_spi.o(i.SPI_I2S_SendData), (4 bytes).
    Removing stm32f10x_spi.o(i.SPI_Init), (60 bytes).
    Removing stm32f10x_spi.o(i.SPI_NSSInternalSoftwareConfig), (30 bytes).
    Removing stm32f10x_spi.o(i.SPI_SSOutputCmd), (24 bytes).
    Removing stm32f10x_spi.o(i.SPI_StructInit), (24 bytes).
    Removing stm32f10x_spi.o(i.SPI_TransmitCRC), (10 bytes).
    Removing stm32f10x_tim.o(.rev16_text), (4 bytes).
    Removing stm32f10x_tim.o(.revsh_text), (4 bytes).
    Removing stm32f10x_tim.o(.rrx_text), (6 bytes).
    Removing stm32f10x_tim.o(i.TI1_Config), (128 bytes).
    Removing stm32f10x_tim.o(i.TI2_Config), (152 bytes).
    Removing stm32f10x_tim.o(i.TI3_Config), (144 bytes).
    Removing stm32f10x_tim.o(i.TI4_Config), (152 bytes).
    Removing stm32f10x_tim.o(i.TIM_ARRPreloadConfig), (24 bytes).
    Removing stm32f10x_tim.o(i.TIM_BDTRConfig), (32 bytes).
    Removing stm32f10x_tim.o(i.TIM_BDTRStructInit), (18 bytes).
    Removing stm32f10x_tim.o(i.TIM_CCPreloadControl), (24 bytes).
    Removing stm32f10x_tim.o(i.TIM_CCxCmd), (30 bytes).
    Removing stm32f10x_tim.o(i.TIM_CCxNCmd), (30 bytes).
    Removing stm32f10x_tim.o(i.TIM_ClearFlag), (6 bytes).
    Removing stm32f10x_tim.o(i.TIM_ClearOC1Ref), (18 bytes).
    Removing stm32f10x_tim.o(i.TIM_ClearOC2Ref), (24 bytes).
    Removing stm32f10x_tim.o(i.TIM_ClearOC3Ref), (18 bytes).
    Removing stm32f10x_tim.o(i.TIM_ClearOC4Ref), (24 bytes).
    Removing stm32f10x_tim.o(i.TIM_CounterModeConfig), (18 bytes).
    Removing stm32f10x_tim.o(i.TIM_CtrlPWMOutputs), (30 bytes).
    Removing stm32f10x_tim.o(i.TIM_DMACmd), (18 bytes).
    Removing stm32f10x_tim.o(i.TIM_DMAConfig), (10 bytes).
    Removing stm32f10x_tim.o(i.TIM_DeInit), (488 bytes).
    Removing stm32f10x_tim.o(i.TIM_ETRClockMode1Config), (54 bytes).
    Removing stm32f10x_tim.o(i.TIM_ETRClockMode2Config), (32 bytes).
    Removing stm32f10x_tim.o(i.TIM_ETRConfig), (28 bytes).
    Removing stm32f10x_tim.o(i.TIM_EncoderInterfaceConfig), (66 bytes).
    Removing stm32f10x_tim.o(i.TIM_ForcedOC1Config), (18 bytes).
    Removing stm32f10x_tim.o(i.TIM_ForcedOC2Config), (26 bytes).
    Removing stm32f10x_tim.o(i.TIM_ForcedOC3Config), (18 bytes).
    Removing stm32f10x_tim.o(i.TIM_ForcedOC4Config), (26 bytes).
    Removing stm32f10x_tim.o(i.TIM_GenerateEvent), (4 bytes).
    Removing stm32f10x_tim.o(i.TIM_GetCapture1), (6 bytes).
    Removing stm32f10x_tim.o(i.TIM_GetCapture2), (6 bytes).
    Removing stm32f10x_tim.o(i.TIM_GetCapture3), (6 bytes).
    Removing stm32f10x_tim.o(i.TIM_GetCapture4), (8 bytes).
    Removing stm32f10x_tim.o(i.TIM_GetCounter), (6 bytes).
    Removing stm32f10x_tim.o(i.TIM_GetFlagStatus), (18 bytes).
    Removing stm32f10x_tim.o(i.TIM_GetPrescaler), (6 bytes).
    Removing stm32f10x_tim.o(i.TIM_ICInit), (172 bytes).
    Removing stm32f10x_tim.o(i.TIM_ICStructInit), (18 bytes).
    Removing stm32f10x_tim.o(i.TIM_ITRxExternalClockConfig), (24 bytes).
    Removing stm32f10x_tim.o(i.TIM_InternalClockConfig), (12 bytes).
    Removing stm32f10x_tim.o(i.TIM_OC1FastConfig), (18 bytes).
    Removing stm32f10x_tim.o(i.TIM_OC1Init), (152 bytes).
    Removing stm32f10x_tim.o(i.TIM_OC1NPolarityConfig), (18 bytes).
    Removing stm32f10x_tim.o(i.TIM_OC1PolarityConfig), (18 bytes).
    Removing stm32f10x_tim.o(i.TIM_OC1PreloadConfig), (18 bytes).
    Removing stm32f10x_tim.o(i.TIM_OC2FastConfig), (26 bytes).
    Removing stm32f10x_tim.o(i.TIM_OC2Init), (164 bytes).
    Removing stm32f10x_tim.o(i.TIM_OC2NPolarityConfig), (26 bytes).
    Removing stm32f10x_tim.o(i.TIM_OC2PolarityConfig), (26 bytes).
    Removing stm32f10x_tim.o(i.TIM_OC2PreloadConfig), (26 bytes).
    Removing stm32f10x_tim.o(i.TIM_OC3FastConfig), (18 bytes).
    Removing stm32f10x_tim.o(i.TIM_OC3Init), (160 bytes).
    Removing stm32f10x_tim.o(i.TIM_OC3NPolarityConfig), (26 bytes).
    Removing stm32f10x_tim.o(i.TIM_OC3PolarityConfig), (26 bytes).
    Removing stm32f10x_tim.o(i.TIM_OC3PreloadConfig), (18 bytes).
    Removing stm32f10x_tim.o(i.TIM_OC4FastConfig), (26 bytes).
    Removing stm32f10x_tim.o(i.TIM_OC4Init), (124 bytes).
    Removing stm32f10x_tim.o(i.TIM_OC4PolarityConfig), (26 bytes).
    Removing stm32f10x_tim.o(i.TIM_OC4PreloadConfig), (26 bytes).
    Removing stm32f10x_tim.o(i.TIM_OCStructInit), (20 bytes).
    Removing stm32f10x_tim.o(i.TIM_PWMIConfig), (124 bytes).
    Removing stm32f10x_tim.o(i.TIM_PrescalerConfig), (6 bytes).
    Removing stm32f10x_tim.o(i.TIM_SelectCCDMA), (24 bytes).
    Removing stm32f10x_tim.o(i.TIM_SelectCOM), (24 bytes).
    Removing stm32f10x_tim.o(i.TIM_SelectHallSensor), (24 bytes).
    Removing stm32f10x_tim.o(i.TIM_SelectInputTrigger), (18 bytes).
    Removing stm32f10x_tim.o(i.TIM_SelectMasterSlaveMode), (18 bytes).
    Removing stm32f10x_tim.o(i.TIM_SelectOCxM), (82 bytes).
    Removing stm32f10x_tim.o(i.TIM_SelectOnePulseMode), (18 bytes).
    Removing stm32f10x_tim.o(i.TIM_SelectOutputTrigger), (18 bytes).
    Removing stm32f10x_tim.o(i.TIM_SelectSlaveMode), (18 bytes).
    Removing stm32f10x_tim.o(i.TIM_SetAutoreload), (4 bytes).
    Removing stm32f10x_tim.o(i.TIM_SetClockDivision), (18 bytes).
    Removing stm32f10x_tim.o(i.TIM_SetCompare1), (4 bytes).
    Removing stm32f10x_tim.o(i.TIM_SetCompare2), (4 bytes).
    Removing stm32f10x_tim.o(i.TIM_SetCompare3), (4 bytes).
    Removing stm32f10x_tim.o(i.TIM_SetCompare4), (6 bytes).
    Removing stm32f10x_tim.o(i.TIM_SetCounter), (4 bytes).
    Removing stm32f10x_tim.o(i.TIM_SetIC1Prescaler), (18 bytes).
    Removing stm32f10x_tim.o(i.TIM_SetIC2Prescaler), (26 bytes).
    Removing stm32f10x_tim.o(i.TIM_SetIC3Prescaler), (18 bytes).
    Removing stm32f10x_tim.o(i.TIM_SetIC4Prescaler), (26 bytes).
    Removing stm32f10x_tim.o(i.TIM_TIxExternalClockConfig), (62 bytes).
    Removing stm32f10x_tim.o(i.TIM_TimeBaseStructInit), (18 bytes).
    Removing stm32f10x_tim.o(i.TIM_UpdateDisableConfig), (24 bytes).
    Removing stm32f10x_tim.o(i.TIM_UpdateRequestConfig), (24 bytes).
    Removing stm32f10x_usart.o(.rev16_text), (4 bytes).
    Removing stm32f10x_usart.o(.revsh_text), (4 bytes).
    Removing stm32f10x_usart.o(.rrx_text), (6 bytes).
    Removing stm32f10x_usart.o(i.USART_ClearFlag), (18 bytes).
    Removing stm32f10x_usart.o(i.USART_ClearITPendingBit), (30 bytes).
    Removing stm32f10x_usart.o(i.USART_ClockInit), (34 bytes).
    Removing stm32f10x_usart.o(i.USART_ClockStructInit), (12 bytes).
    Removing stm32f10x_usart.o(i.USART_DMACmd), (18 bytes).
    Removing stm32f10x_usart.o(i.USART_DeInit), (156 bytes).
    Removing stm32f10x_usart.o(i.USART_GetFlagStatus), (26 bytes).
    Removing stm32f10x_usart.o(i.USART_HalfDuplexCmd), (24 bytes).
    Removing stm32f10x_usart.o(i.USART_IrDACmd), (24 bytes).
    Removing stm32f10x_usart.o(i.USART_IrDAConfig), (18 bytes).
    Removing stm32f10x_usart.o(i.USART_LINBreakDetectLengthConfig), (18 bytes).
    Removing stm32f10x_usart.o(i.USART_LINCmd), (24 bytes).
    Removing stm32f10x_usart.o(i.USART_OneBitMethodCmd), (24 bytes).
    Removing stm32f10x_usart.o(i.USART_OverSampling8Cmd), (22 bytes).
    Removing stm32f10x_usart.o(i.USART_ReceiverWakeUpCmd), (24 bytes).
    Removing stm32f10x_usart.o(i.USART_SendBreak), (10 bytes).
    Removing stm32f10x_usart.o(i.USART_SendData), (8 bytes).
    Removing stm32f10x_usart.o(i.USART_SetAddress), (18 bytes).
    Removing stm32f10x_usart.o(i.USART_SetGuardTime), (16 bytes).
    Removing stm32f10x_usart.o(i.USART_SetPrescaler), (16 bytes).
    Removing stm32f10x_usart.o(i.USART_SmartCardCmd), (24 bytes).
    Removing stm32f10x_usart.o(i.USART_SmartCardNACKCmd), (24 bytes).
    Removing stm32f10x_usart.o(i.USART_StructInit), (24 bytes).
    Removing stm32f10x_usart.o(i.USART_WakeUpConfig), (18 bytes).
    Removing stm32f10x_wwdg.o(.rev16_text), (4 bytes).
    Removing stm32f10x_wwdg.o(.revsh_text), (4 bytes).
    Removing stm32f10x_wwdg.o(.rrx_text), (6 bytes).
    Removing stm32f10x_wwdg.o(i.WWDG_ClearFlag), (12 bytes).
    Removing stm32f10x_wwdg.o(i.WWDG_DeInit), (22 bytes).
    Removing stm32f10x_wwdg.o(i.WWDG_Enable), (16 bytes).
    Removing stm32f10x_wwdg.o(i.WWDG_EnableIT), (12 bytes).
    Removing stm32f10x_wwdg.o(i.WWDG_GetFlagStatus), (12 bytes).
    Removing stm32f10x_wwdg.o(i.WWDG_SetCounter), (16 bytes).
    Removing stm32f10x_wwdg.o(i.WWDG_SetPrescaler), (24 bytes).
    Removing stm32f10x_wwdg.o(i.WWDG_SetWindowValue), (40 bytes).
    Removing hal_uart1.o(.rev16_text), (4 bytes).
    Removing hal_uart1.o(.revsh_text), (4 bytes).
    Removing hal_uart1.o(.rrx_text), (6 bytes).
    Removing hal_uart1.o(i.HAL_UART1_GetChar), (32 bytes).
    Removing hal_timer3.o(.rev16_text), (4 bytes).
    Removing hal_timer3.o(.revsh_text), (4 bytes).
    Removing hal_timer3.o(.rrx_text), (6 bytes).
    Removing stm32f10x_it.o(.rev16_text), (4 bytes).
    Removing stm32f10x_it.o(.revsh_text), (4 bytes).
    Removing stm32f10x_it.o(.rrx_text), (6 bytes).
    Removing system_stm32f10x.o(.rev16_text), (4 bytes).
    Removing system_stm32f10x.o(.revsh_text), (4 bytes).
    Removing system_stm32f10x.o(.rrx_text), (6 bytes).
    Removing system_stm32f10x.o(i.SystemCoreClockUpdate), (164 bytes).
    Removing system_stm32f10x.o(.data), (20 bytes).
    Removing startup_stm32f10x_md.o(HEAP), (512 bytes).
    Removing gm_multi_key.o(i.GM_MultiKey_Delete), (84 bytes).
    Removing gm_queue.o(i.GM_Queue_Clear), (30 bytes).
    Removing gm_queue.o(i.GM_Queue_Delete), (32 bytes).
    Removing heap_4.o(i.xHeapGetFreeSize), (12 bytes).
    Removing heap_4.o(i.xHeapGetMinimumEverFreeSize), (12 bytes).
    Removing gm_timer.o(i.GM_Timer_GetTicks), (12 bytes).
    Removing gm_timer.o(i.GM_Timer_Remove), (48 bytes).
    Removing gm_timer.o(i.GM_Timer_Stop), (28 bytes).
    Removing dfltul.o(.text), (24 bytes).
    Removing d2f.o(.text), (56 bytes).
    Removing fepilogue.o(.text), (110 bytes).

563 unused section(s) (total 19592 bytes) removed from the image.

==============================================================================

Image Symbol Table

    Local Symbols

    Symbol Name                              Value     Ov Type        Size  Object(Section)

    ../clib/../cmprslib/zerorunl.c           0x00000000   Number         0  __dczerorl.o ABSOLUTE
    ../clib/microlib/ctype/ctype.c           0x00000000   Number         0  isspace_c.o ABSOLUTE
    ../clib/microlib/ctype/ctype.c           0x00000000   Number         0  ctype_c.o ABSOLUTE
    ../clib/microlib/division.c              0x00000000   Number         0  uidiv.o ABSOLUTE
    ../clib/microlib/division.c              0x00000000   Number         0  uldiv.o ABSOLUTE
    ../clib/microlib/init/entry.s            0x00000000   Number         0  entry7a.o ABSOLUTE
    ../clib/microlib/init/entry.s            0x00000000   Number         0  entry8a.o ABSOLUTE
    ../clib/microlib/init/entry.s            0x00000000   Number         0  entry7b.o ABSOLUTE
    ../clib/microlib/init/entry.s            0x00000000   Number         0  entry5.o ABSOLUTE
    ../clib/microlib/init/entry.s            0x00000000   Number         0  entry2.o ABSOLUTE
    ../clib/microlib/init/entry.s            0x00000000   Number         0  entry9a.o ABSOLUTE
    ../clib/microlib/init/entry.s            0x00000000   Number         0  entry9b.o ABSOLUTE
    ../clib/microlib/init/entry.s            0x00000000   Number         0  entry10a.o ABSOLUTE
    ../clib/microlib/init/entry.s            0x00000000   Number         0  entry10b.o ABSOLUTE
    ../clib/microlib/init/entry.s            0x00000000   Number         0  entry11a.o ABSOLUTE
    ../clib/microlib/init/entry.s            0x00000000   Number         0  entry11b.o ABSOLUTE
    ../clib/microlib/init/entry.s            0x00000000   Number         0  entry.o ABSOLUTE
    ../clib/microlib/init/entry.s            0x00000000   Number         0  entry8b.o ABSOLUTE
    ../clib/microlib/longlong.c              0x00000000   Number         0  llushr.o ABSOLUTE
    ../clib/microlib/longlong.c              0x00000000   Number         0  llsshr.o ABSOLUTE
    ../clib/microlib/longlong.c              0x00000000   Number         0  llshl.o ABSOLUTE
    ../clib/microlib/printf/printf.c         0x00000000   Number         0  printfa.o ABSOLUTE
    ../clib/microlib/stdio/fputc.c           0x00000000   Number         0  fputc.o ABSOLUTE
    ../clib/microlib/stdio/semi.s            0x00000000   Number         0  semi.o ABSOLUTE
    ../clib/microlib/stdio/streams.c         0x00000000   Number         0  stdout.o ABSOLUTE
    ../clib/microlib/string/memcpy.c         0x00000000   Number         0  memcpyb.o ABSOLUTE
    ../clib/microlib/string/memcpy.c         0x00000000   Number         0  memcpya.o ABSOLUTE
    ../clib/microlib/string/memset.c         0x00000000   Number         0  memseta.o ABSOLUTE
    ../clib/microlib/string/strcmp.c         0x00000000   Number         0  strcmp.o ABSOLUTE
    ../clib/microlib/string/strlen.c         0x00000000   Number         0  strlen.o ABSOLUTE
    ../clib/microlib/stubs.s                 0x00000000   Number         0  iusefp.o ABSOLUTE
    ../clib/microlib/stubs.s                 0x00000000   Number         0  iusesemip.o ABSOLUTE
    ../clib/scanf.c                          0x00000000   Number         0  _chval.o ABSOLUTE
    ../clib/scanf.c                          0x00000000   Number         0  _scanf.o ABSOLUTE
    ../clib/scanf.c                          0x00000000   Number         0  _sgetc.o ABSOLUTE
    ../clib/scanf.c                          0x00000000   Number         0  scanf_char.o ABSOLUTE
    ../clib/scanf.c                          0x00000000   Number         0  scanf_fp.o ABSOLUTE
    ../clib/scanf.c                          0x00000000   Number         0  _scanf_int.o ABSOLUTE
    ../clib/scanf.c                          0x00000000   Number         0  _scanf_longlong.o ABSOLUTE
    ../clib/scanf.c                          0x00000000   Number         0  _scanf_str.o ABSOLUTE
    ../clib/scanf.c                          0x00000000   Number         0  vsscanf.o ABSOLUTE
    ../fplib/microlib/d2f.c                  0x00000000   Number         0  d2f.o ABSOLUTE
    ../fplib/microlib/fpadd.c                0x00000000   Number         0  dadd.o ABSOLUTE
    ../fplib/microlib/fpdiv.c                0x00000000   Number         0  ddiv.o ABSOLUTE
    ../fplib/microlib/fpepilogue.c           0x00000000   Number         0  depilogue.o ABSOLUTE
    ../fplib/microlib/fpepilogue.c           0x00000000   Number         0  fepilogue.o ABSOLUTE
    ../fplib/microlib/fpfix.c                0x00000000   Number         0  dfixul.o ABSOLUTE
    ../fplib/microlib/fpflt.c                0x00000000   Number         0  dfltul.o ABSOLUTE
    ../fplib/microlib/fpmul.c                0x00000000   Number         0  dmul.o ABSOLUTE
    ..\..\..\..\GM_CLI\gm_cli.c              0x00000000   Number         0  gm_cli.o ABSOLUTE
    ..\Application\app_key.c                 0x00000000   Number         0  app_key.o ABSOLUTE
    ..\Application\app_led.c                 0x00000000   Number         0  app_led.o ABSOLUTE
    ..\Application\app_timer3.c              0x00000000   Number         0  app_timer3.o ABSOLUTE
    ..\Application\app_uart1.c               0x00000000   Number         0  app_uart1.o ABSOLUTE
    ..\Application\main.c                    0x00000000   Number         0  main.o ABSOLUTE
    ..\FW_Lib\src\misc.c                     0x00000000   Number         0  misc.o ABSOLUTE
    ..\FW_Lib\src\stm32f10x_adc.c            0x00000000   Number         0  stm32f10x_adc.o ABSOLUTE
    ..\FW_Lib\src\stm32f10x_bkp.c            0x00000000   Number         0  stm32f10x_bkp.o ABSOLUTE
    ..\FW_Lib\src\stm32f10x_can.c            0x00000000   Number         0  stm32f10x_can.o ABSOLUTE
    ..\FW_Lib\src\stm32f10x_cec.c            0x00000000   Number         0  stm32f10x_cec.o ABSOLUTE
    ..\FW_Lib\src\stm32f10x_crc.c            0x00000000   Number         0  stm32f10x_crc.o ABSOLUTE
    ..\FW_Lib\src\stm32f10x_dac.c            0x00000000   Number         0  stm32f10x_dac.o ABSOLUTE
    ..\FW_Lib\src\stm32f10x_dbgmcu.c         0x00000000   Number         0  stm32f10x_dbgmcu.o ABSOLUTE
    ..\FW_Lib\src\stm32f10x_dma.c            0x00000000   Number         0  stm32f10x_dma.o ABSOLUTE
    ..\FW_Lib\src\stm32f10x_exti.c           0x00000000   Number         0  stm32f10x_exti.o ABSOLUTE
    ..\FW_Lib\src\stm32f10x_flash.c          0x00000000   Number         0  stm32f10x_flash.o ABSOLUTE
    ..\FW_Lib\src\stm32f10x_fsmc.c           0x00000000   Number         0  stm32f10x_fsmc.o ABSOLUTE
    ..\FW_Lib\src\stm32f10x_gpio.c           0x00000000   Number         0  stm32f10x_gpio.o ABSOLUTE
    ..\FW_Lib\src\stm32f10x_i2c.c            0x00000000   Number         0  stm32f10x_i2c.o ABSOLUTE
    ..\FW_Lib\src\stm32f10x_iwdg.c           0x00000000   Number         0  stm32f10x_iwdg.o ABSOLUTE
    ..\FW_Lib\src\stm32f10x_pwr.c            0x00000000   Number         0  stm32f10x_pwr.o ABSOLUTE
    ..\FW_Lib\src\stm32f10x_rcc.c            0x00000000   Number         0  stm32f10x_rcc.o ABSOLUTE
    ..\FW_Lib\src\stm32f10x_rtc.c            0x00000000   Number         0  stm32f10x_rtc.o ABSOLUTE
    ..\FW_Lib\src\stm32f10x_sdio.c           0x00000000   Number         0  stm32f10x_sdio.o ABSOLUTE
    ..\FW_Lib\src\stm32f10x_spi.c            0x00000000   Number         0  stm32f10x_spi.o ABSOLUTE
    ..\FW_Lib\src\stm32f10x_tim.c            0x00000000   Number         0  stm32f10x_tim.o ABSOLUTE
    ..\FW_Lib\src\stm32f10x_usart.c          0x00000000   Number         0  stm32f10x_usart.o ABSOLUTE
    ..\FW_Lib\src\stm32f10x_wwdg.c           0x00000000   Number         0  stm32f10x_wwdg.o ABSOLUTE
    ..\GM_Memory\heap_1.c                    0x00000000   Number         0  heap_1.o ABSOLUTE
    ..\GM_Memory\heap_2.c                    0x00000000   Number         0  heap_2.o ABSOLUTE
    ..\GM_Memory\heap_3.c                    0x00000000   Number         0  heap_3.o ABSOLUTE
    ..\GM_Memory\heap_4.c                    0x00000000   Number         0  heap_4.o ABSOLUTE
    ..\GM_MultiKey\gm_multi_key.c            0x00000000   Number         0  gm_multi_key.o ABSOLUTE
    ..\GM_Queue\gm_queue.c                   0x00000000   Number         0  gm_queue.o ABSOLUTE
    ..\GM_Timer\gm_timer.c                   0x00000000   Number         0  gm_timer.o ABSOLUTE
    ..\HAL\hal_timer3.c                      0x00000000   Number         0  hal_timer3.o ABSOLUTE
    ..\HAL\hal_uart1.c                       0x00000000   Number         0  hal_uart1.o ABSOLUTE
    ..\Platform\stm32f10x_it.c               0x00000000   Number         0  stm32f10x_it.o ABSOLUTE
    ..\Platform\system_stm32f10x.c           0x00000000   Number         0  system_stm32f10x.o ABSOLUTE
    ..\Startup\startup_stm32f10x_md.s        0x00000000   Number         0  startup_stm32f10x_md.o ABSOLUTE
    ..\\Application\\app_key.c               0x00000000   Number         0  app_key.o ABSOLUTE
    ..\\Application\\app_led.c               0x00000000   Number         0  app_led.o ABSOLUTE
    ..\\Application\\main.c                  0x00000000   Number         0  main.o ABSOLUTE
    ..\\FW_Lib\\src\\misc.c                  0x00000000   Number         0  misc.o ABSOLUTE
    ..\\FW_Lib\\src\\stm32f10x_adc.c         0x00000000   Number         0  stm32f10x_adc.o ABSOLUTE
    ..\\FW_Lib\\src\\stm32f10x_bkp.c         0x00000000   Number         0  stm32f10x_bkp.o ABSOLUTE
    ..\\FW_Lib\\src\\stm32f10x_can.c         0x00000000   Number         0  stm32f10x_can.o ABSOLUTE
    ..\\FW_Lib\\src\\stm32f10x_cec.c         0x00000000   Number         0  stm32f10x_cec.o ABSOLUTE
    ..\\FW_Lib\\src\\stm32f10x_crc.c         0x00000000   Number         0  stm32f10x_crc.o ABSOLUTE
    ..\\FW_Lib\\src\\stm32f10x_dac.c         0x00000000   Number         0  stm32f10x_dac.o ABSOLUTE
    ..\\FW_Lib\\src\\stm32f10x_dbgmcu.c      0x00000000   Number         0  stm32f10x_dbgmcu.o ABSOLUTE
    ..\\FW_Lib\\src\\stm32f10x_dma.c         0x00000000   Number         0  stm32f10x_dma.o ABSOLUTE
    ..\\FW_Lib\\src\\stm32f10x_exti.c        0x00000000   Number         0  stm32f10x_exti.o ABSOLUTE
    ..\\FW_Lib\\src\\stm32f10x_flash.c       0x00000000   Number         0  stm32f10x_flash.o ABSOLUTE
    ..\\FW_Lib\\src\\stm32f10x_fsmc.c        0x00000000   Number         0  stm32f10x_fsmc.o ABSOLUTE
    ..\\FW_Lib\\src\\stm32f10x_gpio.c        0x00000000   Number         0  stm32f10x_gpio.o ABSOLUTE
    ..\\FW_Lib\\src\\stm32f10x_i2c.c         0x00000000   Number         0  stm32f10x_i2c.o ABSOLUTE
    ..\\FW_Lib\\src\\stm32f10x_iwdg.c        0x00000000   Number         0  stm32f10x_iwdg.o ABSOLUTE
    ..\\FW_Lib\\src\\stm32f10x_pwr.c         0x00000000   Number         0  stm32f10x_pwr.o ABSOLUTE
    ..\\FW_Lib\\src\\stm32f10x_rcc.c         0x00000000   Number         0  stm32f10x_rcc.o ABSOLUTE
    ..\\FW_Lib\\src\\stm32f10x_rtc.c         0x00000000   Number         0  stm32f10x_rtc.o ABSOLUTE
    ..\\FW_Lib\\src\\stm32f10x_sdio.c        0x00000000   Number         0  stm32f10x_sdio.o ABSOLUTE
    ..\\FW_Lib\\src\\stm32f10x_spi.c         0x00000000   Number         0  stm32f10x_spi.o ABSOLUTE
    ..\\FW_Lib\\src\\stm32f10x_tim.c         0x00000000   Number         0  stm32f10x_tim.o ABSOLUTE
    ..\\FW_Lib\\src\\stm32f10x_usart.c       0x00000000   Number         0  stm32f10x_usart.o ABSOLUTE
    ..\\FW_Lib\\src\\stm32f10x_wwdg.c        0x00000000   Number         0  stm32f10x_wwdg.o ABSOLUTE
    ..\\HAL\\hal_timer3.c                    0x00000000   Number         0  hal_timer3.o ABSOLUTE
    ..\\HAL\\hal_uart1.c                     0x00000000   Number         0  hal_uart1.o ABSOLUTE
    ..\\Platform\\stm32f10x_it.c             0x00000000   Number         0  stm32f10x_it.o ABSOLUTE
    ..\\Platform\\system_stm32f10x.c         0x00000000   Number         0  system_stm32f10x.o ABSOLUTE
    cdrcmple.s                               0x00000000   Number         0  cdrcmple.o ABSOLUTE
    dc.s                                     0x00000000   Number         0  dc.o ABSOLUTE
    handlers.s                               0x00000000   Number         0  handlers.o ABSOLUTE
    init.s                                   0x00000000   Number         0  init.o ABSOLUTE
    RESET                                    0x08000000   Section      236  startup_stm32f10x_md.o(RESET)
    .ARM.Collect$$$$00000000                 0x080000ec   Section        0  entry.o(.ARM.Collect$$$$00000000)
    .ARM.Collect$$$$00000001                 0x080000ec   Section        4  entry2.o(.ARM.Collect$$$$00000001)
    .ARM.Collect$$$$00000004                 0x080000f0   Section        4  entry5.o(.ARM.Collect$$$$00000004)
    .ARM.Collect$$$$00000008                 0x080000f4   Section        0  entry7b.o(.ARM.Collect$$$$00000008)
    .ARM.Collect$$$$0000000A                 0x080000f4   Section        0  entry8b.o(.ARM.Collect$$$$0000000A)
    .ARM.Collect$$$$0000000B                 0x080000f4   Section        8  entry9a.o(.ARM.Collect$$$$0000000B)
    .ARM.Collect$$$$0000000D                 0x080000fc   Section        0  entry10a.o(.ARM.Collect$$$$0000000D)
    .ARM.Collect$$$$0000000F                 0x080000fc   Section        0  entry11a.o(.ARM.Collect$$$$0000000F)
    .ARM.Collect$$$$00002712                 0x080000fc   Section        4  entry2.o(.ARM.Collect$$$$00002712)
    __lit__00000000                          0x080000fc   Data           4  entry2.o(.ARM.Collect$$$$00002712)
    .text                                    0x08000100   Section       36  startup_stm32f10x_md.o(.text)
    .text                                    0x08000124   Section        0  memcpya.o(.text)
    .text                                    0x08000148   Section        0  memseta.o(.text)
    .text                                    0x0800016c   Section        0  strlen.o(.text)
    .text                                    0x0800017a   Section        0  strcmp.o(.text)
    .text                                    0x08000196   Section        0  uidiv.o(.text)
    .text                                    0x080001c2   Section        0  uldiv.o(.text)
    .text                                    0x08000224   Section        0  dadd.o(.text)
    .text                                    0x08000224   Section        0  iusefp.o(.text)
    .text                                    0x08000372   Section        0  dmul.o(.text)
    .text                                    0x08000456   Section        0  ddiv.o(.text)
    .text                                    0x08000534   Section        0  dfixul.o(.text)
    .text                                    0x08000564   Section       48  cdrcmple.o(.text)
    .text                                    0x08000594   Section       36  init.o(.text)
    .text                                    0x080005b8   Section        0  llshl.o(.text)
    .text                                    0x080005d6   Section        0  llushr.o(.text)
    .text                                    0x080005f6   Section        0  llsshr.o(.text)
    .text                                    0x0800061a   Section        0  depilogue.o(.text)
    .text                                    0x080006d4   Section        0  __dczerorl.o(.text)
    i.BusFault_Handler                       0x0800070e   Section        0  stm32f10x_it.o(i.BusFault_Handler)
    i.DebugMon_Handler                       0x08000712   Section        0  stm32f10x_it.o(i.DebugMon_Handler)
    i.GM_CLI_CMD_help                        0x08000714   Section        0  gm_cli.o(i.GM_CLI_CMD_help)
    GM_CLI_CMD_help                          0x08000715   Thumb Code   162  gm_cli.o(i.GM_CLI_CMD_help)
    i.GM_CLI_CMD_test                        0x08000840   Section        0  gm_cli.o(i.GM_CLI_CMD_test)
    GM_CLI_CMD_test                          0x08000841   Thumb Code    40  gm_cli.o(i.GM_CLI_CMD_test)
    i.GM_CLI_DeleteStartSpace                0x08000888   Section        0  gm_cli.o(i.GM_CLI_DeleteStartSpace)
    GM_CLI_DeleteStartSpace                  0x08000889   Thumb Code    36  gm_cli.o(i.GM_CLI_DeleteStartSpace)
    i.GM_CLI_FindCommand                     0x080008ac   Section        0  gm_cli.o(i.GM_CLI_FindCommand)
    GM_CLI_FindCommand                       0x080008ad   Thumb Code    44  gm_cli.o(i.GM_CLI_FindCommand)
    i.GM_CLI_GetCommandNext                  0x080008dc   Section        0  gm_cli.o(i.GM_CLI_GetCommandNext)
    GM_CLI_GetCommandNext                    0x080008dd   Thumb Code    22  gm_cli.o(i.GM_CLI_GetCommandNext)
    i.GM_CLI_Init                            0x080008f8   Section        0  gm_cli.o(i.GM_CLI_Init)
    i.GM_CLI_ParseOneChar                    0x08000960   Section        0  gm_cli.o(i.GM_CLI_ParseOneChar)
    i.GM_CLI_Parse_BackSpace                 0x080009ac   Section        0  gm_cli.o(i.GM_CLI_Parse_BackSpace)
    GM_CLI_Parse_BackSpace                   0x080009ad   Thumb Code   150  gm_cli.o(i.GM_CLI_Parse_BackSpace)
    i.GM_CLI_Parse_CommonChar                0x08000a50   Section        0  gm_cli.o(i.GM_CLI_Parse_CommonChar)
    GM_CLI_Parse_CommonChar                  0x08000a51   Thumb Code   152  gm_cli.o(i.GM_CLI_Parse_CommonChar)
    i.GM_CLI_Parse_DownKey                   0x08000aec   Section        0  gm_cli.o(i.GM_CLI_Parse_DownKey)
    GM_CLI_Parse_DownKey                     0x08000aed   Thumb Code   184  gm_cli.o(i.GM_CLI_Parse_DownKey)
    i.GM_CLI_Parse_Enter                     0x08000bac   Section        0  gm_cli.o(i.GM_CLI_Parse_Enter)
    GM_CLI_Parse_Enter                       0x08000bad   Thumb Code   324  gm_cli.o(i.GM_CLI_Parse_Enter)
    i.GM_CLI_Parse_FuncKey                   0x08000d44   Section        0  gm_cli.o(i.GM_CLI_Parse_FuncKey)
    GM_CLI_Parse_FuncKey                     0x08000d45   Thumb Code   128  gm_cli.o(i.GM_CLI_Parse_FuncKey)
    i.GM_CLI_Parse_LeftKey                   0x08000dc8   Section        0  gm_cli.o(i.GM_CLI_Parse_LeftKey)
    GM_CLI_Parse_LeftKey                     0x08000dc9   Thumb Code    26  gm_cli.o(i.GM_CLI_Parse_LeftKey)
    i.GM_CLI_Parse_RightKey                  0x08000de8   Section        0  gm_cli.o(i.GM_CLI_Parse_RightKey)
    GM_CLI_Parse_RightKey                    0x08000de9   Thumb Code    44  gm_cli.o(i.GM_CLI_Parse_RightKey)
    i.GM_CLI_Parse_TabKey                    0x08000e18   Section        0  gm_cli.o(i.GM_CLI_Parse_TabKey)
    GM_CLI_Parse_TabKey                      0x08000e19   Thumb Code   256  gm_cli.o(i.GM_CLI_Parse_TabKey)
    i.GM_CLI_Parse_UpKey                     0x08000f24   Section        0  gm_cli.o(i.GM_CLI_Parse_UpKey)
    GM_CLI_Parse_UpKey                       0x08000f25   Thumb Code   198  gm_cli.o(i.GM_CLI_Parse_UpKey)
    i.GM_CLI_Printf                          0x08000ff4   Section        0  gm_cli.o(i.GM_CLI_Printf)
    i.GM_CLI_PutChar                         0x0800101c   Section        0  gm_cli.o(i.GM_CLI_PutChar)
    i.GM_CLI_PutString                       0x08001034   Section        0  gm_cli.o(i.GM_CLI_PutString)
    i.GM_CLI_RegOutCharCallBack              0x08001060   Section        0  gm_cli.o(i.GM_CLI_RegOutCharCallBack)
    i.GM_CLI_SetCommandPrompt                0x0800106c   Section        0  gm_cli.o(i.GM_CLI_SetCommandPrompt)
    i.GM_CLI_Start                           0x08001094   Section        0  gm_cli.o(i.GM_CLI_Start)
    i.GM_CLI_StrCompletion                   0x080010b0   Section        0  gm_cli.o(i.GM_CLI_StrCompletion)
    GM_CLI_StrCompletion                     0x080010b1   Thumb Code    64  gm_cli.o(i.GM_CLI_StrCompletion)
    i.GM_CLI_StrEmptyCheck                   0x080010f0   Section        0  gm_cli.o(i.GM_CLI_StrEmptyCheck)
    GM_CLI_StrEmptyCheck                     0x080010f1   Thumb Code    30  gm_cli.o(i.GM_CLI_StrEmptyCheck)
    i.GM_MultiKey_Add                        0x08001110   Section        0  gm_multi_key.o(i.GM_MultiKey_Add)
    i.GM_MultiKey_Init                       0x08001140   Section        0  gm_multi_key.o(i.GM_MultiKey_Init)
    i.GM_MultiKey_PollEvent                  0x08001160   Section        0  gm_multi_key.o(i.GM_MultiKey_PollEvent)
    i.GM_MultiKey_PollOneKey                 0x0800117c   Section        0  gm_multi_key.o(i.GM_MultiKey_PollOneKey)
    GM_MultiKey_PollOneKey                   0x0800117d   Thumb Code   292  gm_multi_key.o(i.GM_MultiKey_PollOneKey)
    i.GM_Queue_Create                        0x080012a0   Section        0  gm_queue.o(i.GM_Queue_Create)
    i.GM_Queue_Length                        0x080012e4   Section        0  gm_queue.o(i.GM_Queue_Length)
    i.GM_Queue_Read                          0x080012ec   Section        0  gm_queue.o(i.GM_Queue_Read)
    i.GM_Queue_Write                         0x08001348   Section        0  gm_queue.o(i.GM_Queue_Write)
    i.GM_Timer_AddToList                     0x080013a8   Section        0  gm_timer.o(i.GM_Timer_AddToList)
    GM_Timer_AddToList                       0x080013a9   Thumb Code    36  gm_timer.o(i.GM_Timer_AddToList)
    i.GM_Timer_IncTicks                      0x080013d0   Section        0  gm_timer.o(i.GM_Timer_IncTicks)
    i.GM_Timer_Init                          0x080013e0   Section        0  gm_timer.o(i.GM_Timer_Init)
    i.GM_Timer_PollEvent                     0x08001418   Section        0  gm_timer.o(i.GM_Timer_PollEvent)
    i.GM_Timer_PollOneTimer                  0x08001438   Section        0  gm_timer.o(i.GM_Timer_PollOneTimer)
    GM_Timer_PollOneTimer                    0x08001439   Thumb Code    90  gm_timer.o(i.GM_Timer_PollOneTimer)
    i.GM_Timer_Start                         0x08001498   Section        0  gm_timer.o(i.GM_Timer_Start)
    i.GPIO_Init                              0x080014b4   Section        0  stm32f10x_gpio.o(i.GPIO_Init)
    i.GPIO_SetBits                           0x080015ca   Section        0  stm32f10x_gpio.o(i.GPIO_SetBits)
    i.HAL_TIM3_Init                          0x080015d0   Section        0  hal_timer3.o(i.HAL_TIM3_Init)
    i.HAL_UART1_Init                         0x08001638   Section        0  hal_uart1.o(i.HAL_UART1_Init)
    i.HAL_UART1_PutChar                      0x080016e0   Section        0  hal_uart1.o(i.HAL_UART1_PutChar)
    i.HardFault_Handler                      0x080016fc   Section        0  stm32f10x_it.o(i.HardFault_Handler)
    i.Key_CallBack                           0x08001700   Section        0  app_key.o(i.Key_CallBack)
    Key_CallBack                             0x08001701   Thumb Code    96  app_key.o(i.Key_CallBack)
    i.Key_Init                               0x080017dc   Section        0  app_key.o(i.Key_Init)
    i.Key_Read                               0x08001840   Section        0  app_key.o(i.Key_Read)
    Key_Read                                 0x08001841   Thumb Code    14  app_key.o(i.Key_Read)
    i.LED_Blink                              0x08001854   Section        0  app_led.o(i.LED_Blink)
    i.LED_Init                               0x0800186c   Section        0  app_led.o(i.LED_Init)
    i.LED_Timer_CallBack                     0x080018c4   Section        0  app_led.o(i.LED_Timer_CallBack)
    LED_Timer_CallBack                       0x080018c5   Thumb Code     8  app_led.o(i.LED_Timer_CallBack)
    i.MemManage_Handler                      0x080018cc   Section        0  stm32f10x_it.o(i.MemManage_Handler)
    i.NMI_Handler                            0x080018d0   Section        0  stm32f10x_it.o(i.NMI_Handler)
    i.NVIC_Init                              0x080018d4   Section        0  misc.o(i.NVIC_Init)
    i.NVIC_PriorityGroupConfig               0x08001944   Section        0  misc.o(i.NVIC_PriorityGroupConfig)
    i.PendSV_Handler                         0x08001958   Section        0  stm32f10x_it.o(i.PendSV_Handler)
    i.RCC_APB1PeriphClockCmd                 0x0800195c   Section        0  stm32f10x_rcc.o(i.RCC_APB1PeriphClockCmd)
    i.RCC_APB2PeriphClockCmd                 0x0800197c   Section        0  stm32f10x_rcc.o(i.RCC_APB2PeriphClockCmd)
    i.RCC_GetClocksFreq                      0x0800199c   Section        0  stm32f10x_rcc.o(i.RCC_GetClocksFreq)
    i.SVC_Handler                            0x08001a70   Section        0  stm32f10x_it.o(i.SVC_Handler)
    i.SetSysClock                            0x08001a72   Section        0  system_stm32f10x.o(i.SetSysClock)
    SetSysClock                              0x08001a73   Thumb Code     8  system_stm32f10x.o(i.SetSysClock)
    i.SetSysClockTo72                        0x08001a7c   Section        0  system_stm32f10x.o(i.SetSysClockTo72)
    SetSysClockTo72                          0x08001a7d   Thumb Code   214  system_stm32f10x.o(i.SetSysClockTo72)
    i.SysTick_Handler                        0x08001b5c   Section        0  stm32f10x_it.o(i.SysTick_Handler)
    i.SystemInit                             0x08001b60   Section        0  system_stm32f10x.o(i.SystemInit)
    i.TIM3_IRQHandler                        0x08001bc0   Section        0  hal_timer3.o(i.TIM3_IRQHandler)
    i.TIMER3_Init                            0x08001bec   Section        0  app_timer3.o(i.TIMER3_Init)
    i.TIM_ClearITPendingBit                  0x08001c00   Section        0  stm32f10x_tim.o(i.TIM_ClearITPendingBit)
    i.TIM_Cmd                                0x08001c06   Section        0  stm32f10x_tim.o(i.TIM_Cmd)
    i.TIM_GetITStatus                        0x08001c1e   Section        0  stm32f10x_tim.o(i.TIM_GetITStatus)
    i.TIM_ITConfig                           0x08001c40   Section        0  stm32f10x_tim.o(i.TIM_ITConfig)
    i.TIM_TimeBaseInit                       0x08001c54   Section        0  stm32f10x_tim.o(i.TIM_TimeBaseInit)
    i.UART1_GetChar                          0x08001cf8   Section        0  app_uart1.o(i.UART1_GetChar)
    i.UART1_HasData                          0x08001d18   Section        0  app_uart1.o(i.UART1_HasData)
    i.UART1_Init                             0x08001d34   Section        0  app_uart1.o(i.UART1_Init)
    i.UART1_Printf                           0x08001d88   Section        0  app_uart1.o(i.UART1_Printf)
    i.UART1_PutChar                          0x08001db0   Section        0  app_uart1.o(i.UART1_PutChar)
    i.UART1_PutString                        0x08001dbc   Section        0  app_uart1.o(i.UART1_PutString)
    i.UART1_RxHookHandler                    0x08001dd4   Section        0  app_uart1.o(i.UART1_RxHookHandler)
    UART1_RxHookHandler                      0x08001dd5   Thumb Code    14  app_uart1.o(i.UART1_RxHookHandler)
    i.USART1_IRQHandler                      0x08001de8   Section        0  hal_uart1.o(i.USART1_IRQHandler)
    i.USART_Cmd                              0x08001e18   Section        0  stm32f10x_usart.o(i.USART_Cmd)
    i.USART_GetITStatus                      0x08001e30   Section        0  stm32f10x_usart.o(i.USART_GetITStatus)
    i.USART_ITConfig                         0x08001e84   Section        0  stm32f10x_usart.o(i.USART_ITConfig)
    i.USART_Init                             0x08001ed0   Section        0  stm32f10x_usart.o(i.USART_Init)
    i.USART_ReceiveData                      0x08001fa8   Section        0  stm32f10x_usart.o(i.USART_ReceiveData)
    i.UsageFault_Handler                     0x08001fb2   Section        0  stm32f10x_it.o(i.UsageFault_Handler)
    i.__0vsprintf                            0x08001fb8   Section        0  printfa.o(i.__0vsprintf)
    i.__scatterload_copy                     0x08001fdc   Section       14  handlers.o(i.__scatterload_copy)
    i.__scatterload_null                     0x08001fea   Section        2  handlers.o(i.__scatterload_null)
    i.__scatterload_zeroinit                 0x08001fec   Section       14  handlers.o(i.__scatterload_zeroinit)
    i._fp_digits                             0x08001ffc   Section        0  printfa.o(i._fp_digits)
    _fp_digits                               0x08001ffd   Thumb Code   366  printfa.o(i._fp_digits)
    i._printf_core                           0x08002180   Section        0  printfa.o(i._printf_core)
    _printf_core                             0x08002181   Thumb Code  1744  printfa.o(i._printf_core)
    i._printf_post_padding                   0x0800285c   Section        0  printfa.o(i._printf_post_padding)
    _printf_post_padding                     0x0800285d   Thumb Code    36  printfa.o(i._printf_post_padding)
    i._printf_pre_padding                    0x08002880   Section        0  printfa.o(i._printf_pre_padding)
    _printf_pre_padding                      0x08002881   Thumb Code    46  printfa.o(i._printf_pre_padding)
    i._sputc                                 0x080028ae   Section        0  printfa.o(i._sputc)
    _sputc                                   0x080028af   Thumb Code    10  printfa.o(i._sputc)
    i.main                                   0x080028b8   Section        0  main.o(i.main)
    i.prvHeapInit                            0x08002918   Section        0  heap_4.o(i.prvHeapInit)
    prvHeapInit                              0x08002919   Thumb Code    98  heap_4.o(i.prvHeapInit)
    i.prvInsertBlockIntoFreeList             0x08002994   Section        0  heap_4.o(i.prvInsertBlockIntoFreeList)
    prvInsertBlockIntoFreeList               0x08002995   Thumb Code    96  heap_4.o(i.prvInsertBlockIntoFreeList)
    i.pvHeapMalloc                           0x080029fc   Section        0  heap_4.o(i.pvHeapMalloc)
    i.vHeapFree                              0x08002ac4   Section        0  heap_4.o(i.vHeapFree)
    .conststring                             0x08002b04   Section       17  gm_cli.o(.conststring)
    .conststrlit                             0x08002b18   Section       88  gm_cli.o(.conststrlit)
    gm_cli_cmd_section                       0x08002b90   Section       24  gm_cli.o(gm_cli_cmd_section)
    __tagsym$$used                           0x08002b90   Number         0  gm_cli.o(gm_cli_cmd_section)
    gm_cli_cmd_help                          0x08002b90   Data          12  gm_cli.o(gm_cli_cmd_section)
    __tagsym$$used                           0x08002b9c   Number         0  gm_cli.o(gm_cli_cmd_section)
    gm_cli_cmd_test                          0x08002b9c   Data          12  gm_cli.o(gm_cli_cmd_section)
    .data                                    0x20000000   Section        4  app_uart1.o(.data)
    uart1_rx_queue                           0x20000000   Data           4  app_uart1.o(.data)
    .data                                    0x20000004   Section       20  stm32f10x_rcc.o(.data)
    APBAHBPrescTable                         0x20000004   Data          16  stm32f10x_rcc.o(.data)
    ADCPrescTable                            0x20000014   Data           4  stm32f10x_rcc.o(.data)
    .data                                    0x20000018   Section        4  hal_uart1.o(.data)
    uart1_int_rx_hook                        0x20000018   Data           4  hal_uart1.o(.data)
    .data                                    0x2000001c   Section        4  hal_timer3.o(.data)
    tim3_int_hook                            0x2000001c   Data           4  hal_timer3.o(.data)
    .data                                    0x20000020   Section        4  gm_multi_key.o(.data)
    gm_multi_key_list_head                   0x20000020   Data           4  gm_multi_key.o(.data)
    .data                                    0x20000024   Section       24  heap_4.o(.data)
    xStart                                   0x20000024   Data           8  heap_4.o(.data)
    pxEnd                                    0x2000002c   Data           4  heap_4.o(.data)
    xFreeBytesRemaining                      0x20000030   Data           4  heap_4.o(.data)
    xMinimumEverFreeBytesRemaining           0x20000034   Data           4  heap_4.o(.data)
    xBlockAllocatedBit                       0x20000038   Data           4  heap_4.o(.data)
    .data                                    0x2000003c   Section        8  gm_timer.o(.data)
    gm_timer_ctrl                            0x2000003c   Data           8  gm_timer.o(.data)
    .data                                    0x20000044   Section      940  gm_cli.o(.data)
    gm_cli                                   0x20000044   Data         940  gm_cli.o(.data)
    .bss                                     0x200003f0   Section       24  app_led.o(.bss)
    timer_led                                0x200003f0   Data          24  app_led.o(.bss)
    .bss                                     0x20000408   Section      512  app_uart1.o(.bss)
    str                                      0x20000408   Data         256  app_uart1.o(.bss)
    str                                      0x20000508   Data         256  app_uart1.o(.bss)
    .bss                                     0x20000608   Section       44  app_key.o(.bss)
    timer_key                                0x20000608   Data          24  app_key.o(.bss)
    key                                      0x20000620   Data          20  app_key.o(.bss)
    .bss                                     0x20000634   Section     8192  heap_4.o(.bss)
    ucHeap                                   0x20000634   Data        8192  heap_4.o(.bss)
    STACK                                    0x20002638   Section     1024  startup_stm32f10x_md.o(STACK)

    Global Symbols

    Symbol Name                              Value     Ov Type        Size  Object(Section)

    BuildAttributes$$THM_ISAv4$P$D$K$B$S$PE$A:L22UL41UL21$X:L11$S22US41US21$IEEE1$IW$USESV6$~STKCKD$USESV7$~SHL$OTIME$ROPI$EBA8$MICROLIB$REQ8$PRES8$EABIv2 0x00000000   Number         0  anon$$obj.o ABSOLUTE
    __ARM_use_no_argv                        0x00000000   Number         0  main.o ABSOLUTE
    __cpp_initialize__aeabi_                  - Undefined Weak Reference
    __cxa_finalize                            - Undefined Weak Reference
    _clock_init                               - Undefined Weak Reference
    _microlib_exit                            - Undefined Weak Reference
    __Vectors_Size                           0x000000ec   Number         0  startup_stm32f10x_md.o ABSOLUTE
    __Vectors                                0x08000000   Data           4  startup_stm32f10x_md.o(RESET)
    __Vectors_End                            0x080000ec   Data           0  startup_stm32f10x_md.o(RESET)
    __main                                   0x080000ed   Thumb Code     0  entry.o(.ARM.Collect$$$$00000000)
    _main_stk                                0x080000ed   Thumb Code     0  entry2.o(.ARM.Collect$$$$00000001)
    _main_scatterload                        0x080000f1   Thumb Code     0  entry5.o(.ARM.Collect$$$$00000004)
    __main_after_scatterload                 0x080000f5   Thumb Code     0  entry5.o(.ARM.Collect$$$$00000004)
    _main_clock                              0x080000f5   Thumb Code     0  entry7b.o(.ARM.Collect$$$$00000008)
    _main_cpp_init                           0x080000f5   Thumb Code     0  entry8b.o(.ARM.Collect$$$$0000000A)
    _main_init                               0x080000f5   Thumb Code     0  entry9a.o(.ARM.Collect$$$$0000000B)
    __rt_final_cpp                           0x080000fd   Thumb Code     0  entry10a.o(.ARM.Collect$$$$0000000D)
    __rt_final_exit                          0x080000fd   Thumb Code     0  entry11a.o(.ARM.Collect$$$$0000000F)
    Reset_Handler                            0x08000101   Thumb Code     8  startup_stm32f10x_md.o(.text)
    ADC1_2_IRQHandler                        0x0800011b   Thumb Code     0  startup_stm32f10x_md.o(.text)
    CAN1_RX1_IRQHandler                      0x0800011b   Thumb Code     0  startup_stm32f10x_md.o(.text)
    CAN1_SCE_IRQHandler                      0x0800011b   Thumb Code     0  startup_stm32f10x_md.o(.text)
    DMA1_Channel1_IRQHandler                 0x0800011b   Thumb Code     0  startup_stm32f10x_md.o(.text)
    DMA1_Channel2_IRQHandler                 0x0800011b   Thumb Code     0  startup_stm32f10x_md.o(.text)
    DMA1_Channel3_IRQHandler                 0x0800011b   Thumb Code     0  startup_stm32f10x_md.o(.text)
    DMA1_Channel4_IRQHandler                 0x0800011b   Thumb Code     0  startup_stm32f10x_md.o(.text)
    DMA1_Channel5_IRQHandler                 0x0800011b   Thumb Code     0  startup_stm32f10x_md.o(.text)
    DMA1_Channel6_IRQHandler                 0x0800011b   Thumb Code     0  startup_stm32f10x_md.o(.text)
    DMA1_Channel7_IRQHandler                 0x0800011b   Thumb Code     0  startup_stm32f10x_md.o(.text)
    EXTI0_IRQHandler                         0x0800011b   Thumb Code     0  startup_stm32f10x_md.o(.text)
    EXTI15_10_IRQHandler                     0x0800011b   Thumb Code     0  startup_stm32f10x_md.o(.text)
    EXTI1_IRQHandler                         0x0800011b   Thumb Code     0  startup_stm32f10x_md.o(.text)
    EXTI2_IRQHandler                         0x0800011b   Thumb Code     0  startup_stm32f10x_md.o(.text)
    EXTI3_IRQHandler                         0x0800011b   Thumb Code     0  startup_stm32f10x_md.o(.text)
    EXTI4_IRQHandler                         0x0800011b   Thumb Code     0  startup_stm32f10x_md.o(.text)
    EXTI9_5_IRQHandler                       0x0800011b   Thumb Code     0  startup_stm32f10x_md.o(.text)
    FLASH_IRQHandler                         0x0800011b   Thumb Code     0  startup_stm32f10x_md.o(.text)
    I2C1_ER_IRQHandler                       0x0800011b   Thumb Code     0  startup_stm32f10x_md.o(.text)
    I2C1_EV_IRQHandler                       0x0800011b   Thumb Code     0  startup_stm32f10x_md.o(.text)
    I2C2_ER_IRQHandler                       0x0800011b   Thumb Code     0  startup_stm32f10x_md.o(.text)
    I2C2_EV_IRQHandler                       0x0800011b   Thumb Code     0  startup_stm32f10x_md.o(.text)
    PVD_IRQHandler                           0x0800011b   Thumb Code     0  startup_stm32f10x_md.o(.text)
    RCC_IRQHandler                           0x0800011b   Thumb Code     0  startup_stm32f10x_md.o(.text)
    RTCAlarm_IRQHandler                      0x0800011b   Thumb Code     0  startup_stm32f10x_md.o(.text)
    RTC_IRQHandler                           0x0800011b   Thumb Code     0  startup_stm32f10x_md.o(.text)
    SPI1_IRQHandler                          0x0800011b   Thumb Code     0  startup_stm32f10x_md.o(.text)
    SPI2_IRQHandler                          0x0800011b   Thumb Code     0  startup_stm32f10x_md.o(.text)
    TAMPER_IRQHandler                        0x0800011b   Thumb Code     0  startup_stm32f10x_md.o(.text)
    TIM1_BRK_IRQHandler                      0x0800011b   Thumb Code     0  startup_stm32f10x_md.o(.text)
    TIM1_CC_IRQHandler                       0x0800011b   Thumb Code     0  startup_stm32f10x_md.o(.text)
    TIM1_TRG_COM_IRQHandler                  0x0800011b   Thumb Code     0  startup_stm32f10x_md.o(.text)
    TIM1_UP_IRQHandler                       0x0800011b   Thumb Code     0  startup_stm32f10x_md.o(.text)
    TIM2_IRQHandler                          0x0800011b   Thumb Code     0  startup_stm32f10x_md.o(.text)
    TIM4_IRQHandler                          0x0800011b   Thumb Code     0  startup_stm32f10x_md.o(.text)
    USART2_IRQHandler                        0x0800011b   Thumb Code     0  startup_stm32f10x_md.o(.text)
    USART3_IRQHandler                        0x0800011b   Thumb Code     0  startup_stm32f10x_md.o(.text)
    USBWakeUp_IRQHandler                     0x0800011b   Thumb Code     0  startup_stm32f10x_md.o(.text)
    USB_HP_CAN1_TX_IRQHandler                0x0800011b   Thumb Code     0  startup_stm32f10x_md.o(.text)
    USB_LP_CAN1_RX0_IRQHandler               0x0800011b   Thumb Code     0  startup_stm32f10x_md.o(.text)
    WWDG_IRQHandler                          0x0800011b   Thumb Code     0  startup_stm32f10x_md.o(.text)
    __aeabi_memcpy                           0x08000125   Thumb Code    36  memcpya.o(.text)
    __aeabi_memcpy4                          0x08000125   Thumb Code     0  memcpya.o(.text)
    __aeabi_memcpy8                          0x08000125   Thumb Code     0  memcpya.o(.text)
    __aeabi_memset                           0x08000149   Thumb Code    14  memseta.o(.text)
    __aeabi_memset4                          0x08000149   Thumb Code     0  memseta.o(.text)
    __aeabi_memset8                          0x08000149   Thumb Code     0  memseta.o(.text)
    __aeabi_memclr                           0x08000157   Thumb Code     4  memseta.o(.text)
    __aeabi_memclr4                          0x08000157   Thumb Code     0  memseta.o(.text)
    __aeabi_memclr8                          0x08000157   Thumb Code     0  memseta.o(.text)
    _memset$wrapper                          0x0800015b   Thumb Code    18  memseta.o(.text)
    strlen                                   0x0800016d   Thumb Code    14  strlen.o(.text)
    strcmp                                   0x0800017b   Thumb Code    28  strcmp.o(.text)
    __aeabi_uidiv                            0x08000197   Thumb Code     0  uidiv.o(.text)
    __aeabi_uidivmod                         0x08000197   Thumb Code    44  uidiv.o(.text)
    __aeabi_uldivmod                         0x080001c3   Thumb Code    98  uldiv.o(.text)
    __I$use$fp                               0x08000225   Thumb Code     0  iusefp.o(.text)
    __aeabi_dadd                             0x08000225   Thumb Code   322  dadd.o(.text)
    __aeabi_dsub                             0x08000367   Thumb Code     6  dadd.o(.text)
    __aeabi_drsub                            0x0800036d   Thumb Code     6  dadd.o(.text)
    __aeabi_dmul                             0x08000373   Thumb Code   228  dmul.o(.text)
    __aeabi_ddiv                             0x08000457   Thumb Code   222  ddiv.o(.text)
    __aeabi_d2ulz                            0x08000535   Thumb Code    48  dfixul.o(.text)
    __aeabi_cdrcmple                         0x08000565   Thumb Code    48  cdrcmple.o(.text)
    __scatterload                            0x08000595   Thumb Code    28  init.o(.text)
    __scatterload_rt2                        0x08000595   Thumb Code     0  init.o(.text)
    __aeabi_llsl                             0x080005b9   Thumb Code    30  llshl.o(.text)
    _ll_shift_l                              0x080005b9   Thumb Code     0  llshl.o(.text)
    __aeabi_llsr                             0x080005d7   Thumb Code    32  llushr.o(.text)
    _ll_ushift_r                             0x080005d7   Thumb Code     0  llushr.o(.text)
    __aeabi_lasr                             0x080005f7   Thumb Code    36  llsshr.o(.text)
    _ll_sshift_r                             0x080005f7   Thumb Code     0  llsshr.o(.text)
    _double_round                            0x0800061b   Thumb Code    30  depilogue.o(.text)
    _double_epilogue                         0x08000639   Thumb Code   156  depilogue.o(.text)
    __decompress                             0x080006d5   Thumb Code     0  __dczerorl.o(.text)
    __decompress0                            0x080006d5   Thumb Code    58  __dczerorl.o(.text)
    BusFault_Handler                         0x0800070f   Thumb Code     4  stm32f10x_it.o(i.BusFault_Handler)
    DebugMon_Handler                         0x08000713   Thumb Code     2  stm32f10x_it.o(i.DebugMon_Handler)
    GM_CLI_Init                              0x080008f9   Thumb Code    68  gm_cli.o(i.GM_CLI_Init)
    GM_CLI_ParseOneChar                      0x08000961   Thumb Code    76  gm_cli.o(i.GM_CLI_ParseOneChar)
    GM_CLI_Printf                            0x08000ff5   Thumb Code    34  gm_cli.o(i.GM_CLI_Printf)
    GM_CLI_PutChar                           0x0800101d   Thumb Code    20  gm_cli.o(i.GM_CLI_PutChar)
    GM_CLI_PutString                         0x08001035   Thumb Code    38  gm_cli.o(i.GM_CLI_PutString)
    GM_CLI_RegOutCharCallBack                0x08001061   Thumb Code     8  gm_cli.o(i.GM_CLI_RegOutCharCallBack)
    GM_CLI_SetCommandPrompt                  0x0800106d   Thumb Code    16  gm_cli.o(i.GM_CLI_SetCommandPrompt)
    GM_CLI_Start                             0x08001095   Thumb Code    18  gm_cli.o(i.GM_CLI_Start)
    GM_MultiKey_Add                          0x08001111   Thumb Code    42  gm_multi_key.o(i.GM_MultiKey_Add)
    GM_MultiKey_Init                         0x08001141   Thumb Code    32  gm_multi_key.o(i.GM_MultiKey_Init)
    GM_MultiKey_PollEvent                    0x08001161   Thumb Code    22  gm_multi_key.o(i.GM_MultiKey_PollEvent)
    GM_Queue_Create                          0x080012a1   Thumb Code    68  gm_queue.o(i.GM_Queue_Create)
    GM_Queue_Length                          0x080012e5   Thumb Code     8  gm_queue.o(i.GM_Queue_Length)
    GM_Queue_Read                            0x080012ed   Thumb Code    92  gm_queue.o(i.GM_Queue_Read)
    GM_Queue_Write                           0x08001349   Thumb Code    96  gm_queue.o(i.GM_Queue_Write)
    GM_Timer_IncTicks                        0x080013d1   Thumb Code    12  gm_timer.o(i.GM_Timer_IncTicks)
    GM_Timer_Init                            0x080013e1   Thumb Code    56  gm_timer.o(i.GM_Timer_Init)
    GM_Timer_PollEvent                       0x08001419   Thumb Code    28  gm_timer.o(i.GM_Timer_PollEvent)
    GM_Timer_Start                           0x08001499   Thumb Code    22  gm_timer.o(i.GM_Timer_Start)
    GPIO_Init                                0x080014b5   Thumb Code   278  stm32f10x_gpio.o(i.GPIO_Init)
    GPIO_SetBits                             0x080015cb   Thumb Code     4  stm32f10x_gpio.o(i.GPIO_SetBits)
    HAL_TIM3_Init                            0x080015d1   Thumb Code    96  hal_timer3.o(i.HAL_TIM3_Init)
    HAL_UART1_Init                           0x08001639   Thumb Code   154  hal_uart1.o(i.HAL_UART1_Init)
    HAL_UART1_PutChar                        0x080016e1   Thumb Code    22  hal_uart1.o(i.HAL_UART1_PutChar)
    HardFault_Handler                        0x080016fd   Thumb Code     4  stm32f10x_it.o(i.HardFault_Handler)
    Key_Init                                 0x080017dd   Thumb Code    76  app_key.o(i.Key_Init)
    LED_Blink                                0x08001855   Thumb Code    16  app_led.o(i.LED_Blink)
    LED_Init                                 0x0800186d   Thumb Code    74  app_led.o(i.LED_Init)
    MemManage_Handler                        0x080018cd   Thumb Code     4  stm32f10x_it.o(i.MemManage_Handler)
    NMI_Handler                              0x080018d1   Thumb Code     2  stm32f10x_it.o(i.NMI_Handler)
    NVIC_Init                                0x080018d5   Thumb Code   100  misc.o(i.NVIC_Init)
    NVIC_PriorityGroupConfig                 0x08001945   Thumb Code    10  misc.o(i.NVIC_PriorityGroupConfig)
    PendSV_Handler                           0x08001959   Thumb Code     2  stm32f10x_it.o(i.PendSV_Handler)
    RCC_APB1PeriphClockCmd                   0x0800195d   Thumb Code    26  stm32f10x_rcc.o(i.RCC_APB1PeriphClockCmd)
    RCC_APB2PeriphClockCmd                   0x0800197d   Thumb Code    26  stm32f10x_rcc.o(i.RCC_APB2PeriphClockCmd)
    RCC_GetClocksFreq                        0x0800199d   Thumb Code   192  stm32f10x_rcc.o(i.RCC_GetClocksFreq)
    SVC_Handler                              0x08001a71   Thumb Code     2  stm32f10x_it.o(i.SVC_Handler)
    SysTick_Handler                          0x08001b5d   Thumb Code     2  stm32f10x_it.o(i.SysTick_Handler)
    SystemInit                               0x08001b61   Thumb Code    78  system_stm32f10x.o(i.SystemInit)
    TIM3_IRQHandler                          0x08001bc1   Thumb Code    34  hal_timer3.o(i.TIM3_IRQHandler)
    TIMER3_Init                              0x08001bed   Thumb Code    16  app_timer3.o(i.TIMER3_Init)
    TIM_ClearITPendingBit                    0x08001c01   Thumb Code     6  stm32f10x_tim.o(i.TIM_ClearITPendingBit)
    TIM_Cmd                                  0x08001c07   Thumb Code    24  stm32f10x_tim.o(i.TIM_Cmd)
    TIM_GetITStatus                          0x08001c1f   Thumb Code    34  stm32f10x_tim.o(i.TIM_GetITStatus)
    TIM_ITConfig                             0x08001c41   Thumb Code    18  stm32f10x_tim.o(i.TIM_ITConfig)
    TIM_TimeBaseInit                         0x08001c55   Thumb Code   122  stm32f10x_tim.o(i.TIM_TimeBaseInit)
    UART1_GetChar                            0x08001cf9   Thumb Code    26  app_uart1.o(i.UART1_GetChar)
    UART1_HasData                            0x08001d19   Thumb Code    22  app_uart1.o(i.UART1_HasData)
    UART1_Init                               0x08001d35   Thumb Code    44  app_uart1.o(i.UART1_Init)
    UART1_Printf                             0x08001d89   Thumb Code    34  app_uart1.o(i.UART1_Printf)
    UART1_PutChar                            0x08001db1   Thumb Code    12  app_uart1.o(i.UART1_PutChar)
    UART1_PutString                          0x08001dbd   Thumb Code    22  app_uart1.o(i.UART1_PutString)
    USART1_IRQHandler                        0x08001de9   Thumb Code    38  hal_uart1.o(i.USART1_IRQHandler)
    USART_Cmd                                0x08001e19   Thumb Code    24  stm32f10x_usart.o(i.USART_Cmd)
    USART_GetITStatus                        0x08001e31   Thumb Code    84  stm32f10x_usart.o(i.USART_GetITStatus)
    USART_ITConfig                           0x08001e85   Thumb Code    74  stm32f10x_usart.o(i.USART_ITConfig)
    USART_Init                               0x08001ed1   Thumb Code   210  stm32f10x_usart.o(i.USART_Init)
    USART_ReceiveData                        0x08001fa9   Thumb Code    10  stm32f10x_usart.o(i.USART_ReceiveData)
    UsageFault_Handler                       0x08001fb3   Thumb Code     4  stm32f10x_it.o(i.UsageFault_Handler)
    __0vsprintf                              0x08001fb9   Thumb Code    30  printfa.o(i.__0vsprintf)
    __1vsprintf                              0x08001fb9   Thumb Code     0  printfa.o(i.__0vsprintf)
    __2vsprintf                              0x08001fb9   Thumb Code     0  printfa.o(i.__0vsprintf)
    __c89vsprintf                            0x08001fb9   Thumb Code     0  printfa.o(i.__0vsprintf)
    vsprintf                                 0x08001fb9   Thumb Code     0  printfa.o(i.__0vsprintf)
    __scatterload_copy                       0x08001fdd   Thumb Code    14  handlers.o(i.__scatterload_copy)
    __scatterload_null                       0x08001feb   Thumb Code     2  handlers.o(i.__scatterload_null)
    __scatterload_zeroinit                   0x08001fed   Thumb Code    14  handlers.o(i.__scatterload_zeroinit)
    main                                     0x080028b9   Thumb Code    70  main.o(i.main)
    pvHeapMalloc                             0x080029fd   Thumb Code   180  heap_4.o(i.pvHeapMalloc)
    vHeapFree                                0x08002ac5   Thumb Code    56  heap_4.o(i.vHeapFree)
    Region$$Table$$Base                      0x08002b70   Number         0  anon$$obj.o(Region$$Table)
    Region$$Table$$Limit                     0x08002b90   Number         0  anon$$obj.o(Region$$Table)
    gm_cli_cmd_section$$Base                 0x08002b90   Number         0  gm_cli.o(gm_cli_cmd_section)
    gm_cli_cmd_section$$Limit                0x08002ba8   Number         0  gm_cli.o(gm_cli_cmd_section)
    __initial_sp                             0x20002a38   Data           0  startup_stm32f10x_md.o(STACK)



==============================================================================

Memory Map of the image

  Image Entry point : 0x080000ed

  Load Region LR_IROM1 (Base: 0x08000000, Size: 0x00002f98, Max: 0x00010000, ABSOLUTE, COMPRESSED[0x00002bc8])

    Execution Region ER_IROM1 (Exec base: 0x08000000, Load base: 0x08000000, Size: 0x00002ba8, Max: 0x00010000, ABSOLUTE)

    Exec Addr    Load Addr    Size         Type   Attr      Idx    E Section Name        Object

    0x08000000   0x08000000   0x000000ec   Data   RO         3776    RESET               startup_stm32f10x_md.o
    0x080000ec   0x080000ec   0x00000000   Code   RO         4146  * .ARM.Collect$$$$00000000  mc_w.l(entry.o)
    0x080000ec   0x080000ec   0x00000004   Code   RO         4189    .ARM.Collect$$$$00000001  mc_w.l(entry2.o)
    0x080000f0   0x080000f0   0x00000004   Code   RO         4192    .ARM.Collect$$$$00000004  mc_w.l(entry5.o)
    0x080000f4   0x080000f4   0x00000000   Code   RO         4194    .ARM.Collect$$$$00000008  mc_w.l(entry7b.o)
    0x080000f4   0x080000f4   0x00000000   Code   RO         4196    .ARM.Collect$$$$0000000A  mc_w.l(entry8b.o)
    0x080000f4   0x080000f4   0x00000008   Code   RO         4197    .ARM.Collect$$$$0000000B  mc_w.l(entry9a.o)
    0x080000fc   0x080000fc   0x00000000   Code   RO         4199    .ARM.Collect$$$$0000000D  mc_w.l(entry10a.o)
    0x080000fc   0x080000fc   0x00000000   Code   RO         4201    .ARM.Collect$$$$0000000F  mc_w.l(entry11a.o)
    0x080000fc   0x080000fc   0x00000004   Code   RO         4190    .ARM.Collect$$$$00002712  mc_w.l(entry2.o)
    0x08000100   0x08000100   0x00000024   Code   RO         3777    .text               startup_stm32f10x_md.o
    0x08000124   0x08000124   0x00000024   Code   RO         4149    .text               mc_w.l(memcpya.o)
    0x08000148   0x08000148   0x00000024   Code   RO         4151    .text               mc_w.l(memseta.o)
    0x0800016c   0x0800016c   0x0000000e   Code   RO         4153    .text               mc_w.l(strlen.o)
    0x0800017a   0x0800017a   0x0000001c   Code   RO         4155    .text               mc_w.l(strcmp.o)
    0x08000196   0x08000196   0x0000002c   Code   RO         4206    .text               mc_w.l(uidiv.o)
    0x080001c2   0x080001c2   0x00000062   Code   RO         4208    .text               mc_w.l(uldiv.o)
    0x08000224   0x08000224   0x00000000   Code   RO         4224    .text               mc_w.l(iusefp.o)
    0x08000224   0x08000224   0x0000014e   Code   RO         4225    .text               mf_w.l(dadd.o)
    0x08000372   0x08000372   0x000000e4   Code   RO         4227    .text               mf_w.l(dmul.o)
    0x08000456   0x08000456   0x000000de   Code   RO         4229    .text               mf_w.l(ddiv.o)
    0x08000534   0x08000534   0x00000030   Code   RO         4231    .text               mf_w.l(dfixul.o)
    0x08000564   0x08000564   0x00000030   Code   RO         4233    .text               mf_w.l(cdrcmple.o)
    0x08000594   0x08000594   0x00000024   Code   RO         4235    .text               mc_w.l(init.o)
    0x080005b8   0x080005b8   0x0000001e   Code   RO         4238    .text               mc_w.l(llshl.o)
    0x080005d6   0x080005d6   0x00000020   Code   RO         4240    .text               mc_w.l(llushr.o)
    0x080005f6   0x080005f6   0x00000024   Code   RO         4242    .text               mc_w.l(llsshr.o)
    0x0800061a   0x0800061a   0x000000ba   Code   RO         4251    .text               mf_w.l(depilogue.o)
    0x080006d4   0x080006d4   0x0000003a   Code   RO         4270    .text               mc_w.l(__dczerorl.o)
    0x0800070e   0x0800070e   0x00000004   Code   RO         3656    i.BusFault_Handler  stm32f10x_it.o
    0x08000712   0x08000712   0x00000002   Code   RO         3657    i.DebugMon_Handler  stm32f10x_it.o
    0x08000714   0x08000714   0x0000012c   Code   RO         4002    i.GM_CLI_CMD_help   gm_cli.o
    0x08000840   0x08000840   0x00000048   Code   RO         4003    i.GM_CLI_CMD_test   gm_cli.o
    0x08000888   0x08000888   0x00000024   Code   RO         4004    i.GM_CLI_DeleteStartSpace  gm_cli.o
    0x080008ac   0x080008ac   0x00000030   Code   RO         4005    i.GM_CLI_FindCommand  gm_cli.o
    0x080008dc   0x080008dc   0x0000001c   Code   RO         4006    i.GM_CLI_GetCommandNext  gm_cli.o
    0x080008f8   0x080008f8   0x00000068   Code   RO         4007    i.GM_CLI_Init       gm_cli.o
    0x08000960   0x08000960   0x0000004c   Code   RO         4008    i.GM_CLI_ParseOneChar  gm_cli.o
    0x080009ac   0x080009ac   0x000000a4   Code   RO         4009    i.GM_CLI_Parse_BackSpace  gm_cli.o
    0x08000a50   0x08000a50   0x0000009c   Code   RO         4010    i.GM_CLI_Parse_CommonChar  gm_cli.o
    0x08000aec   0x08000aec   0x000000c0   Code   RO         4011    i.GM_CLI_Parse_DownKey  gm_cli.o
    0x08000bac   0x08000bac   0x00000198   Code   RO         4012    i.GM_CLI_Parse_Enter  gm_cli.o
    0x08000d44   0x08000d44   0x00000084   Code   RO         4013    i.GM_CLI_Parse_FuncKey  gm_cli.o
    0x08000dc8   0x08000dc8   0x00000020   Code   RO         4014    i.GM_CLI_Parse_LeftKey  gm_cli.o
    0x08000de8   0x08000de8   0x00000030   Code   RO         4015    i.GM_CLI_Parse_RightKey  gm_cli.o
    0x08000e18   0x08000e18   0x0000010c   Code   RO         4016    i.GM_CLI_Parse_TabKey  gm_cli.o
    0x08000f24   0x08000f24   0x000000d0   Code   RO         4017    i.GM_CLI_Parse_UpKey  gm_cli.o
    0x08000ff4   0x08000ff4   0x00000028   Code   RO         4018    i.GM_CLI_Printf     gm_cli.o
    0x0800101c   0x0800101c   0x00000018   Code   RO         4019    i.GM_CLI_PutChar    gm_cli.o
    0x08001034   0x08001034   0x0000002c   Code   RO         4020    i.GM_CLI_PutString  gm_cli.o
    0x08001060   0x08001060   0x0000000c   Code   RO         4021    i.GM_CLI_RegOutCharCallBack  gm_cli.o
    0x0800106c   0x0800106c   0x00000028   Code   RO         4022    i.GM_CLI_SetCommandPrompt  gm_cli.o
    0x08001094   0x08001094   0x0000001c   Code   RO         4023    i.GM_CLI_Start      gm_cli.o
    0x080010b0   0x080010b0   0x00000040   Code   RO         4024    i.GM_CLI_StrCompletion  gm_cli.o
    0x080010f0   0x080010f0   0x0000001e   Code   RO         4025    i.GM_CLI_StrEmptyCheck  gm_cli.o
    0x0800110e   0x0800110e   0x00000002   PAD
    0x08001110   0x08001110   0x00000030   Code   RO         3781    i.GM_MultiKey_Add   gm_multi_key.o
    0x08001140   0x08001140   0x00000020   Code   RO         3783    i.GM_MultiKey_Init  gm_multi_key.o
    0x08001160   0x08001160   0x0000001c   Code   RO         3784    i.GM_MultiKey_PollEvent  gm_multi_key.o
    0x0800117c   0x0800117c   0x00000124   Code   RO         3785    i.GM_MultiKey_PollOneKey  gm_multi_key.o
    0x080012a0   0x080012a0   0x00000044   Code   RO         3822    i.GM_Queue_Create   gm_queue.o
    0x080012e4   0x080012e4   0x00000008   Code   RO         3824    i.GM_Queue_Length   gm_queue.o
    0x080012ec   0x080012ec   0x0000005c   Code   RO         3825    i.GM_Queue_Read     gm_queue.o
    0x08001348   0x08001348   0x00000060   Code   RO         3826    i.GM_Queue_Write    gm_queue.o
    0x080013a8   0x080013a8   0x00000028   Code   RO         3942    i.GM_Timer_AddToList  gm_timer.o
    0x080013d0   0x080013d0   0x00000010   Code   RO         3944    i.GM_Timer_IncTicks  gm_timer.o
    0x080013e0   0x080013e0   0x00000038   Code   RO         3945    i.GM_Timer_Init     gm_timer.o
    0x08001418   0x08001418   0x00000020   Code   RO         3946    i.GM_Timer_PollEvent  gm_timer.o
    0x08001438   0x08001438   0x00000060   Code   RO         3947    i.GM_Timer_PollOneTimer  gm_timer.o
    0x08001498   0x08001498   0x0000001c   Code   RO         3949    i.GM_Timer_Start    gm_timer.o
    0x080014b4   0x080014b4   0x00000116   Code   RO         1632    i.GPIO_Init         stm32f10x_gpio.o
    0x080015ca   0x080015ca   0x00000004   Code   RO         1640    i.GPIO_SetBits      stm32f10x_gpio.o
    0x080015ce   0x080015ce   0x00000002   PAD
    0x080015d0   0x080015d0   0x00000068   Code   RO         3624    i.HAL_TIM3_Init     hal_timer3.o
    0x08001638   0x08001638   0x000000a8   Code   RO         3581    i.HAL_UART1_Init    hal_uart1.o
    0x080016e0   0x080016e0   0x0000001c   Code   RO         3582    i.HAL_UART1_PutChar  hal_uart1.o
    0x080016fc   0x080016fc   0x00000004   Code   RO         3658    i.HardFault_Handler  stm32f10x_it.o
    0x08001700   0x08001700   0x000000dc   Code   RO          298    i.Key_CallBack      app_key.o
    0x080017dc   0x080017dc   0x00000064   Code   RO          299    i.Key_Init          app_key.o
    0x08001840   0x08001840   0x00000014   Code   RO          300    i.Key_Read          app_key.o
    0x08001854   0x08001854   0x00000018   Code   RO          153    i.LED_Blink         app_led.o
    0x0800186c   0x0800186c   0x00000058   Code   RO          156    i.LED_Init          app_led.o
    0x080018c4   0x080018c4   0x00000008   Code   RO          157    i.LED_Timer_CallBack  app_led.o
    0x080018cc   0x080018cc   0x00000004   Code   RO         3659    i.MemManage_Handler  stm32f10x_it.o
    0x080018d0   0x080018d0   0x00000002   Code   RO         3660    i.NMI_Handler       stm32f10x_it.o
    0x080018d2   0x080018d2   0x00000002   PAD
    0x080018d4   0x080018d4   0x00000070   Code   RO          337    i.NVIC_Init         misc.o
    0x08001944   0x08001944   0x00000014   Code   RO          338    i.NVIC_PriorityGroupConfig  misc.o
    0x08001958   0x08001958   0x00000002   Code   RO         3661    i.PendSV_Handler    stm32f10x_it.o
    0x0800195a   0x0800195a   0x00000002   PAD
    0x0800195c   0x0800195c   0x00000020   Code   RO         2096    i.RCC_APB1PeriphClockCmd  stm32f10x_rcc.o
    0x0800197c   0x0800197c   0x00000020   Code   RO         2098    i.RCC_APB2PeriphClockCmd  stm32f10x_rcc.o
    0x0800199c   0x0800199c   0x000000d4   Code   RO         2106    i.RCC_GetClocksFreq  stm32f10x_rcc.o
    0x08001a70   0x08001a70   0x00000002   Code   RO         3662    i.SVC_Handler       stm32f10x_it.o
    0x08001a72   0x08001a72   0x00000008   Code   RO         3731    i.SetSysClock       system_stm32f10x.o
    0x08001a7a   0x08001a7a   0x00000002   PAD
    0x08001a7c   0x08001a7c   0x000000e0   Code   RO         3732    i.SetSysClockTo72   system_stm32f10x.o
    0x08001b5c   0x08001b5c   0x00000002   Code   RO         3663    i.SysTick_Handler   stm32f10x_it.o
    0x08001b5e   0x08001b5e   0x00000002   PAD
    0x08001b60   0x08001b60   0x00000060   Code   RO         3734    i.SystemInit        system_stm32f10x.o
    0x08001bc0   0x08001bc0   0x0000002c   Code   RO         3625    i.TIM3_IRQHandler   hal_timer3.o
    0x08001bec   0x08001bec   0x00000014   Code   RO          280    i.TIMER3_Init       app_timer3.o
    0x08001c00   0x08001c00   0x00000006   Code   RO         2773    i.TIM_ClearITPendingBit  stm32f10x_tim.o
    0x08001c06   0x08001c06   0x00000018   Code   RO         2778    i.TIM_Cmd           stm32f10x_tim.o
    0x08001c1e   0x08001c1e   0x00000022   Code   RO         2799    i.TIM_GetITStatus   stm32f10x_tim.o
    0x08001c40   0x08001c40   0x00000012   Code   RO         2803    i.TIM_ITConfig      stm32f10x_tim.o
    0x08001c52   0x08001c52   0x00000002   PAD
    0x08001c54   0x08001c54   0x000000a4   Code   RO         2849    i.TIM_TimeBaseInit  stm32f10x_tim.o
    0x08001cf8   0x08001cf8   0x00000020   Code   RO          208    i.UART1_GetChar     app_uart1.o
    0x08001d18   0x08001d18   0x0000001c   Code   RO          209    i.UART1_HasData     app_uart1.o
    0x08001d34   0x08001d34   0x00000054   Code   RO          210    i.UART1_Init        app_uart1.o
    0x08001d88   0x08001d88   0x00000028   Code   RO          211    i.UART1_Printf      app_uart1.o
    0x08001db0   0x08001db0   0x0000000c   Code   RO          212    i.UART1_PutChar     app_uart1.o
    0x08001dbc   0x08001dbc   0x00000016   Code   RO          213    i.UART1_PutString   app_uart1.o
    0x08001dd2   0x08001dd2   0x00000002   PAD
    0x08001dd4   0x08001dd4   0x00000014   Code   RO          214    i.UART1_RxHookHandler  app_uart1.o
    0x08001de8   0x08001de8   0x00000030   Code   RO         3583    i.USART1_IRQHandler  hal_uart1.o
    0x08001e18   0x08001e18   0x00000018   Code   RO         3326    i.USART_Cmd         stm32f10x_usart.o
    0x08001e30   0x08001e30   0x00000054   Code   RO         3330    i.USART_GetITStatus  stm32f10x_usart.o
    0x08001e84   0x08001e84   0x0000004a   Code   RO         3332    i.USART_ITConfig    stm32f10x_usart.o
    0x08001ece   0x08001ece   0x00000002   PAD
    0x08001ed0   0x08001ed0   0x000000d8   Code   RO         3333    i.USART_Init        stm32f10x_usart.o
    0x08001fa8   0x08001fa8   0x0000000a   Code   RO         3340    i.USART_ReceiveData  stm32f10x_usart.o
    0x08001fb2   0x08001fb2   0x00000004   Code   RO         3664    i.UsageFault_Handler  stm32f10x_it.o
    0x08001fb6   0x08001fb6   0x00000002   PAD
    0x08001fb8   0x08001fb8   0x00000024   Code   RO         4166    i.__0vsprintf       mc_w.l(printfa.o)
    0x08001fdc   0x08001fdc   0x0000000e   Code   RO         4264    i.__scatterload_copy  mc_w.l(handlers.o)
    0x08001fea   0x08001fea   0x00000002   Code   RO         4265    i.__scatterload_null  mc_w.l(handlers.o)
    0x08001fec   0x08001fec   0x0000000e   Code   RO         4266    i.__scatterload_zeroinit  mc_w.l(handlers.o)
    0x08001ffa   0x08001ffa   0x00000002   PAD
    0x08001ffc   0x08001ffc   0x00000184   Code   RO         4167    i._fp_digits        mc_w.l(printfa.o)
    0x08002180   0x08002180   0x000006dc   Code   RO         4168    i._printf_core      mc_w.l(printfa.o)
    0x0800285c   0x0800285c   0x00000024   Code   RO         4169    i._printf_post_padding  mc_w.l(printfa.o)
    0x08002880   0x08002880   0x0000002e   Code   RO         4170    i._printf_pre_padding  mc_w.l(printfa.o)
    0x080028ae   0x080028ae   0x0000000a   Code   RO         4172    i._sputc            mc_w.l(printfa.o)
    0x080028b8   0x080028b8   0x00000060   Code   RO            4    i.main              main.o
    0x08002918   0x08002918   0x0000007c   Code   RO         3896    i.prvHeapInit       heap_4.o
    0x08002994   0x08002994   0x00000068   Code   RO         3897    i.prvInsertBlockIntoFreeList  heap_4.o
    0x080029fc   0x080029fc   0x000000c8   Code   RO         3898    i.pvHeapMalloc      heap_4.o
    0x08002ac4   0x08002ac4   0x00000040   Code   RO         3899    i.vHeapFree         heap_4.o
    0x08002b04   0x08002b04   0x00000011   Data   RO         4026    .conststring        gm_cli.o
    0x08002b15   0x08002b15   0x00000003   PAD
    0x08002b18   0x08002b18   0x00000058   Data   RO         4027    .conststrlit        gm_cli.o
    0x08002b70   0x08002b70   0x00000020   Data   RO         4262    Region$$Table       anon$$obj.o
    0x08002b90   0x08002b90   0x00000018   Data   RO         4029    gm_cli_cmd_section  gm_cli.o


    Execution Region RW_IRAM1 (Exec base: 0x20000000, Load base: 0x08002ba8, Size: 0x00002a38, Max: 0x00005000, ABSOLUTE, COMPRESSED[0x00000020])

    Exec Addr    Load Addr    Size         Type   Attr      Idx    E Section Name        Object

    0x20000000   COMPRESSED   0x00000004   Data   RW          217    .data               app_uart1.o
    0x20000004   COMPRESSED   0x00000014   Data   RW         2126    .data               stm32f10x_rcc.o
    0x20000018   COMPRESSED   0x00000004   Data   RW         3584    .data               hal_uart1.o
    0x2000001c   COMPRESSED   0x00000004   Data   RW         3626    .data               hal_timer3.o
    0x20000020   COMPRESSED   0x00000004   Data   RW         3786    .data               gm_multi_key.o
    0x20000024   COMPRESSED   0x00000018   Data   RW         3903    .data               heap_4.o
    0x2000003c   COMPRESSED   0x00000008   Data   RW         3951    .data               gm_timer.o
    0x20000044   COMPRESSED   0x000003ac   Data   RW         4028    .data               gm_cli.o
    0x200003f0        -       0x00000018   Zero   RW          158    .bss                app_led.o
    0x20000408        -       0x00000200   Zero   RW          216    .bss                app_uart1.o
    0x20000608        -       0x0000002c   Zero   RW          301    .bss                app_key.o
    0x20000634        -       0x00002000   Zero   RW         3902    .bss                heap_4.o
    0x20002634   COMPRESSED   0x00000004   PAD
    0x20002638        -       0x00000400   Zero   RW         3774    STACK               startup_stm32f10x_md.o


==============================================================================

Image component sizes


      Code (inc. data)   RO Data    RW Data    ZI Data      Debug   Object Name

       340        162          0          0         44       3211   app_key.o
       120         22          0          0         24       3887   app_led.o
        20          4          0          0          0        450   app_timer3.o
       238         64          0          4        512       6592   app_uart1.o
      2554        416        129        940          0      16074   gm_cli.o
       400         18          0          4          0       3833   gm_multi_key.o
       264          0          0          0          0       3281   gm_queue.o
       268         24          0          8          0       3970   gm_timer.o
       148         18          0          4          0       1658   hal_timer3.o
       244         30          0          4          0       2233   hal_uart1.o
         0          0          0          0          0       1472   heap_1.o
       492         62          0         24       8192       3479   heap_4.o
        96         26          0          0          0     254459   main.o
       132         22          0          0          0       1455   misc.o
        36          8        236          0       1024        796   startup_stm32f10x_md.o
       282          0          0          0          0       2411   stm32f10x_gpio.o
        26          0          0          0          0       3874   stm32f10x_it.o
       276         32          0         20          0       4306   stm32f10x_rcc.o
       246         42          0          0          0       3398   stm32f10x_tim.o
       408          6          0          0          0       4838   stm32f10x_usart.o
       328         28          0          0          0       1885   system_stm32f10x.o

    ----------------------------------------------------------------------
      6938        984        400       1008       9800     327562   Object Totals
         0          0         32          0          0          0   (incl. Generated)
        20          0          3          0          4          0   (incl. Padding)

    ----------------------------------------------------------------------

      Code (inc. data)   RO Data    RW Data    ZI Data      Debug   Library Member Name

        58          0          0          0          0          0   __dczerorl.o
         0          0          0          0          0          0   entry.o
         0          0          0          0          0          0   entry10a.o
         0          0          0          0          0          0   entry11a.o
         8          4          0          0          0          0   entry2.o
         4          0          0          0          0          0   entry5.o
         0          0          0          0          0          0   entry7b.o
         0          0          0          0          0          0   entry8b.o
         8          4          0          0          0          0   entry9a.o
        30          0          0          0          0          0   handlers.o
        36          8          0          0          0         68   init.o
         0          0          0          0          0          0   iusefp.o
        30          0          0          0          0         68   llshl.o
        36          0          0          0          0         68   llsshr.o
        32          0          0          0          0         68   llushr.o
        36          0          0          0          0         68   memcpya.o
        36          0          0          0          0        108   memseta.o
      2272         86          0          0          0        516   printfa.o
        28          0          0          0          0         76   strcmp.o
        14          0          0          0          0         68   strlen.o
        44          0          0          0          0         80   uidiv.o
        98          0          0          0          0         92   uldiv.o
        48          0          0          0          0         68   cdrcmple.o
       334          0          0          0          0        148   dadd.o
       222          0          0          0          0        100   ddiv.o
       186          0          0          0          0        176   depilogue.o
        48          0          0          0          0         68   dfixul.o
       228          0          0          0          0         96   dmul.o

    ----------------------------------------------------------------------
      3838        102          0          0          0       1936   Library Totals
         2          0          0          0          0          0   (incl. Padding)

    ----------------------------------------------------------------------

      Code (inc. data)   RO Data    RW Data    ZI Data      Debug   Library Name

      2770        102          0          0          0       1280   mc_w.l
      1066          0          0          0          0        656   mf_w.l

    ----------------------------------------------------------------------
      3838        102          0          0          0       1936   Library Totals

    ----------------------------------------------------------------------

==============================================================================


      Code (inc. data)   RO Data    RW Data    ZI Data      Debug   

     10776       1086        400       1008       9800     324166   Grand Totals
     10776       1086        400         32       9800     324166   ELF Image Totals (compressed)
     10776       1086        400         32          0          0   ROM Totals

==============================================================================

    Total RO  Size (Code + RO Data)                11176 (  10.91kB)
    Total RW  Size (RW Data + ZI Data)             10808 (  10.55kB)
    Total ROM Size (Code + RO Data + RW Data)      11208 (  10.95kB)

==============================================================================

